Command line invocation:
    /Applications/Xcode.app/Contents/Developer/usr/bin/xcodebuild -project Bridget.xcodeproj -scheme Bridget -destination "platform=iOS Simulator,name=iPhone 16 Pro" test

Resolve Package Graph


Resolved source packages:
  BridgetDashboard: /Users/peterjemley/Documents/Developer/Bridget/Packages/BridgetDashboard @ local
  BridgetBridgesList: /Users/peterjemley/Documents/Developer/Bridget/Packages/BridgetBridgesList @ local
  BridgetBridgeDetail: /Users/peterjemley/Documents/Developer/Bridget/Packages/BridgetBridgeDetail @ local
  BridgetSharedUI: /Users/peterjemley/Documents/Developer/Bridget/Packages/BridgetSharedUI @ local
  BridgetCore: /Users/peterjemley/Documents/Developer/Bridget/Packages/BridgetCore @ local
  BridgetSettings: /Users/peterjemley/Documents/Developer/Bridget/Packages/BridgetSettings @ local
  BridgetNetworking: /Users/peterjemley/Documents/Developer/Bridget/Packages/BridgetNetworking @ local
  BridgetHistory: /Users/peterjemley/Documents/Developer/Bridget/Packages/BridgetHistory @ local
  BridgetRouting: /Users/peterjemley/Documents/Developer/Bridget/Packages/BridgetRouting @ local
  BridgetStatistics: /Users/peterjemley/Documents/Developer/Bridget/Packages/BridgetStatistics @ local

ComputePackagePrebuildTargetDependencyGraph

Prepare packages

CreateBuildRequest

SendProjectDescription

CreateBuildOperation

ComputeTargetDependencyGraph
note: Building targets in dependency order
note: Target dependency graph (23 targets)
    Target 'BridgetUITests' in project 'Bridget'
        ➜ Explicit dependency on target 'Bridget' in project 'Bridget'
    Target 'BridgetTests' in project 'Bridget'
        ➜ Explicit dependency on target 'Bridget' in project 'Bridget'
    Target 'Bridget' in project 'Bridget'
        ➜ Explicit dependency on target 'BridgetNetworking' in project 'BridgetNetworking'
        ➜ Explicit dependency on target 'BridgetSettings' in project 'BridgetSettings'
        ➜ Explicit dependency on target 'BridgetHistory' in project 'BridgetHistory'
        ➜ Explicit dependency on target 'BridgetStatistics' in project 'BridgetStatistics'
        ➜ Explicit dependency on target 'BridgetRouting' in project 'BridgetRouting'
        ➜ Explicit dependency on target 'BridgetBridgeDetail' in project 'BridgetBridgeDetail'
        ➜ Explicit dependency on target 'BridgetDashboard' in project 'BridgetDashboard'
        ➜ Explicit dependency on target 'BridgetBridgesList' in project 'BridgetBridgesList'
        ➜ Explicit dependency on target 'BridgetSharedUI' in project 'BridgetSharedUI'
        ➜ Explicit dependency on target 'BridgetCore' in project 'BridgetCore'
    Target 'BridgetBridgesList' in project 'BridgetBridgesList'
        ➜ Explicit dependency on target 'BridgetBridgesList' in project 'BridgetBridgesList'
        ➜ Explicit dependency on target 'BridgetCore' in project 'BridgetCore'
        ➜ Explicit dependency on target 'BridgetSharedUI' in project 'BridgetSharedUI'
    Target 'BridgetBridgesList' in project 'BridgetBridgesList'
        ➜ Explicit dependency on target 'BridgetCore' in project 'BridgetCore'
        ➜ Explicit dependency on target 'BridgetSharedUI' in project 'BridgetSharedUI'
    Target 'BridgetDashboard' in project 'BridgetDashboard'
        ➜ Explicit dependency on target 'BridgetDashboard' in project 'BridgetDashboard'
        ➜ Explicit dependency on target 'BridgetCore' in project 'BridgetCore'
        ➜ Explicit dependency on target 'BridgetSharedUI' in project 'BridgetSharedUI'
    Target 'BridgetDashboard' in project 'BridgetDashboard'
        ➜ Explicit dependency on target 'BridgetCore' in project 'BridgetCore'
        ➜ Explicit dependency on target 'BridgetSharedUI' in project 'BridgetSharedUI'
    Target 'BridgetBridgeDetail' in project 'BridgetBridgeDetail'
        ➜ Explicit dependency on target 'BridgetBridgeDetail' in project 'BridgetBridgeDetail'
        ➜ Explicit dependency on target 'BridgetCore' in project 'BridgetCore'
        ➜ Explicit dependency on target 'BridgetSharedUI' in project 'BridgetSharedUI'
    Target 'BridgetBridgeDetail' in project 'BridgetBridgeDetail'
        ➜ Explicit dependency on target 'BridgetCore' in project 'BridgetCore'
        ➜ Explicit dependency on target 'BridgetSharedUI' in project 'BridgetSharedUI'
    Target 'BridgetRouting' in project 'BridgetRouting'
        ➜ Explicit dependency on target 'BridgetRouting' in project 'BridgetRouting'
        ➜ Explicit dependency on target 'BridgetCore' in project 'BridgetCore'
        ➜ Explicit dependency on target 'BridgetSharedUI' in project 'BridgetSharedUI'
    Target 'BridgetRouting' in project 'BridgetRouting'
        ➜ Explicit dependency on target 'BridgetCore' in project 'BridgetCore'
        ➜ Explicit dependency on target 'BridgetSharedUI' in project 'BridgetSharedUI'
    Target 'BridgetStatistics' in project 'BridgetStatistics'
        ➜ Explicit dependency on target 'BridgetStatistics' in project 'BridgetStatistics'
        ➜ Explicit dependency on target 'BridgetCore' in project 'BridgetCore'
        ➜ Explicit dependency on target 'BridgetSharedUI' in project 'BridgetSharedUI'
    Target 'BridgetStatistics' in project 'BridgetStatistics'
        ➜ Explicit dependency on target 'BridgetCore' in project 'BridgetCore'
        ➜ Explicit dependency on target 'BridgetSharedUI' in project 'BridgetSharedUI'
    Target 'BridgetHistory' in project 'BridgetHistory'
        ➜ Explicit dependency on target 'BridgetHistory' in project 'BridgetHistory'
        ➜ Explicit dependency on target 'BridgetCore' in project 'BridgetCore'
        ➜ Explicit dependency on target 'BridgetSharedUI' in project 'BridgetSharedUI'
    Target 'BridgetHistory' in project 'BridgetHistory'
        ➜ Explicit dependency on target 'BridgetCore' in project 'BridgetCore'
        ➜ Explicit dependency on target 'BridgetSharedUI' in project 'BridgetSharedUI'
    Target 'BridgetSettings' in project 'BridgetSettings'
        ➜ Explicit dependency on target 'BridgetSettings' in project 'BridgetSettings'
        ➜ Explicit dependency on target 'BridgetCore' in project 'BridgetCore'
        ➜ Explicit dependency on target 'BridgetSharedUI' in project 'BridgetSharedUI'
    Target 'BridgetSettings' in project 'BridgetSettings'
        ➜ Explicit dependency on target 'BridgetCore' in project 'BridgetCore'
        ➜ Explicit dependency on target 'BridgetSharedUI' in project 'BridgetSharedUI'
    Target 'BridgetSharedUI' in project 'BridgetSharedUI'
        ➜ Explicit dependency on target 'BridgetSharedUI' in project 'BridgetSharedUI'
        ➜ Explicit dependency on target 'BridgetCore' in project 'BridgetCore'
    Target 'BridgetSharedUI' in project 'BridgetSharedUI'
        ➜ Explicit dependency on target 'BridgetCore' in project 'BridgetCore'
    Target 'BridgetNetworking' in project 'BridgetNetworking'
        ➜ Explicit dependency on target 'BridgetNetworking' in project 'BridgetNetworking'
        ➜ Explicit dependency on target 'BridgetCore' in project 'BridgetCore'
    Target 'BridgetNetworking' in project 'BridgetNetworking'
        ➜ Explicit dependency on target 'BridgetCore' in project 'BridgetCore'
    Target 'BridgetCore' in project 'BridgetCore'
        ➜ Explicit dependency on target 'BridgetCore' in project 'BridgetCore'
    Target 'BridgetCore' in project 'BridgetCore' (no dependencies)

GatherProvisioningInputs

CreateBuildDescription

ExecuteExternalTool /Applications/Xcode.app/Contents/Developer/Toolchains/XcodeDefault.xctoolchain/usr/bin/swiftc --version

ExecuteExternalTool /Applications/Xcode.app/Contents/Developer/usr/bin/actool --print-asset-tag-combinations --output-format xml1 /Users/peterjemley/Documents/Developer/Bridget/Bridget/Assets.xcassets

ExecuteExternalTool /Applications/Xcode.app/Contents/Developer/Toolchains/XcodeDefault.xctoolchain/usr/bin/clang -v -E -dM -isysroot /Applications/Xcode.app/Contents/Developer/Platforms/iPhoneSimulator.platform/Developer/SDKs/iPhoneSimulator18.5.sdk -x c -c /dev/null

ExecuteExternalTool /Applications/Xcode.app/Contents/Developer/Toolchains/XcodeDefault.xctoolchain/usr/bin/ld -version_details

ExecuteExternalTool /Applications/Xcode.app/Contents/Developer/usr/bin/actool --version --output-format xml1

Build description signature: 91ea7b99f5e14ade0fc6c9c0538950dd
Build description path: /Users/peterjemley/Library/Developer/Xcode/DerivedData/Bridget-avftoqyhbqkugxekjoistukcuxwh/Build/Intermediates.noindex/XCBuildData/91ea7b99f5e14ade0fc6c9c0538950dd.xcbuilddata
ClangStatCache /Applications/Xcode.app/Contents/Developer/Toolchains/XcodeDefault.xctoolchain/usr/bin/clang-stat-cache /Applications/Xcode.app/Contents/Developer/Platforms/iPhoneSimulator.platform/Developer/SDKs/iPhoneSimulator18.5.sdk /Users/peterjemley/Library/Developer/Xcode/DerivedData/SDKStatCaches.noindex/iphonesimulator18.5-22F76-d5fc8ad4295d2ef488fb7d0f804ce0c4.sdkstatcache
    cd /Users/peterjemley/Documents/Developer/Bridget/Bridget.xcodeproj
    /Applications/Xcode.app/Contents/Developer/Toolchains/XcodeDefault.xctoolchain/usr/bin/clang-stat-cache /Applications/Xcode.app/Contents/Developer/Platforms/iPhoneSimulator.platform/Developer/SDKs/iPhoneSimulator18.5.sdk -o /Users/peterjemley/Library/Developer/Xcode/DerivedData/SDKStatCaches.noindex/iphonesimulator18.5-22F76-d5fc8ad4295d2ef488fb7d0f804ce0c4.sdkstatcache

WriteAuxiliaryFile /Users/peterjemley/Library/Developer/Xcode/DerivedData/Bridget-avftoqyhbqkugxekjoistukcuxwh/Build/Intermediates.noindex/Bridget.build/Debug-iphonesimulator/Bridget.build/Objects-normal/arm64/Bridget.SwiftFileList (in target 'Bridget' from project 'Bridget')
    cd /Users/peterjemley/Documents/Developer/Bridget
    write-file /Users/peterjemley/Library/Developer/Xcode/DerivedData/Bridget-avftoqyhbqkugxekjoistukcuxwh/Build/Intermediates.noindex/Bridget.build/Debug-iphonesimulator/Bridget.build/Objects-normal/arm64/Bridget.SwiftFileList

WriteAuxiliaryFile /Users/peterjemley/Library/Developer/Xcode/DerivedData/Bridget-avftoqyhbqkugxekjoistukcuxwh/Build/Intermediates.noindex/Bridget.build/Debug-iphonesimulator/Bridget.build/Objects-normal/arm64/Bridget.SwiftConstValuesFileList (in target 'Bridget' from project 'Bridget')
    cd /Users/peterjemley/Documents/Developer/Bridget
    write-file /Users/peterjemley/Library/Developer/Xcode/DerivedData/Bridget-avftoqyhbqkugxekjoistukcuxwh/Build/Intermediates.noindex/Bridget.build/Debug-iphonesimulator/Bridget.build/Objects-normal/arm64/Bridget.SwiftConstValuesFileList

WriteAuxiliaryFile /Users/peterjemley/Library/Developer/Xcode/DerivedData/Bridget-avftoqyhbqkugxekjoistukcuxwh/Build/Intermediates.noindex/Bridget.build/Debug-iphonesimulator/Bridget.build/Objects-normal/arm64/Bridget.LinkFileList (in target 'Bridget' from project 'Bridget')
    cd /Users/peterjemley/Documents/Developer/Bridget
    write-file /Users/peterjemley/Library/Developer/Xcode/DerivedData/Bridget-avftoqyhbqkugxekjoistukcuxwh/Build/Intermediates.noindex/Bridget.build/Debug-iphonesimulator/Bridget.build/Objects-normal/arm64/Bridget.LinkFileList

ProcessProductPackaging "" /Users/peterjemley/Library/Developer/Xcode/DerivedData/Bridget-avftoqyhbqkugxekjoistukcuxwh/Build/Intermediates.noindex/Bridget.build/Debug-iphonesimulator/Bridget.build/Bridget.app-Simulated.xcent (in target 'Bridget' from project 'Bridget')
    cd /Users/peterjemley/Documents/Developer/Bridget
    
    Entitlements:
    
    {
    "application-identifier" = "A826T32EQ3.com.peterjemley.Bridget";
}
    
    builtin-productPackagingUtility -entitlements -format xml -o /Users/peterjemley/Library/Developer/Xcode/DerivedData/Bridget-avftoqyhbqkugxekjoistukcuxwh/Build/Intermediates.noindex/Bridget.build/Debug-iphonesimulator/Bridget.build/Bridget.app-Simulated.xcent

ProcessProductPackagingDER /Users/peterjemley/Library/Developer/Xcode/DerivedData/Bridget-avftoqyhbqkugxekjoistukcuxwh/Build/Intermediates.noindex/Bridget.build/Debug-iphonesimulator/Bridget.build/Bridget.app-Simulated.xcent /Users/peterjemley/Library/Developer/Xcode/DerivedData/Bridget-avftoqyhbqkugxekjoistukcuxwh/Build/Intermediates.noindex/Bridget.build/Debug-iphonesimulator/Bridget.build/Bridget.app-Simulated.xcent.der (in target 'Bridget' from project 'Bridget')
    cd /Users/peterjemley/Documents/Developer/Bridget
    /usr/bin/derq query -f xml -i /Users/peterjemley/Library/Developer/Xcode/DerivedData/Bridget-avftoqyhbqkugxekjoistukcuxwh/Build/Intermediates.noindex/Bridget.build/Debug-iphonesimulator/Bridget.build/Bridget.app-Simulated.xcent -o /Users/peterjemley/Library/Developer/Xcode/DerivedData/Bridget-avftoqyhbqkugxekjoistukcuxwh/Build/Intermediates.noindex/Bridget.build/Debug-iphonesimulator/Bridget.build/Bridget.app-Simulated.xcent.der --raw

SwiftDriver Bridget normal arm64 com.apple.xcode.tools.swift.compiler (in target 'Bridget' from project 'Bridget')
    cd /Users/peterjemley/Documents/Developer/Bridget
    builtin-SwiftDriver -- /Applications/Xcode.app/Contents/Developer/Toolchains/XcodeDefault.xctoolchain/usr/bin/swiftc -module-name Bridget -Onone -enforce-exclusivity\=checked @/Users/peterjemley/Library/Developer/Xcode/DerivedData/Bridget-avftoqyhbqkugxekjoistukcuxwh/Build/Intermediates.noindex/Bridget.build/Debug-iphonesimulator/Bridget.build/Objects-normal/arm64/Bridget.SwiftFileList -DDEBUG -enable-bare-slash-regex -enable-experimental-feature DebugDescriptionMacro -sdk /Applications/Xcode.app/Contents/Developer/Platforms/iPhoneSimulator.platform/Developer/SDKs/iPhoneSimulator18.5.sdk -target arm64-apple-ios18.5-simulator -g -module-cache-path /Users/peterjemley/Library/Developer/Xcode/DerivedData/ModuleCache.noindex -Xfrontend -serialize-debugging-options -profile-coverage-mapping -profile-generate -enable-testing -index-store-path /Users/peterjemley/Library/Developer/Xcode/DerivedData/Bridget-avftoqyhbqkugxekjoistukcuxwh/Index.noindex/DataStore -swift-version 5 -I /Users/peterjemley/Library/Developer/Xcode/DerivedData/Bridget-avftoqyhbqkugxekjoistukcuxwh/Build/Products/Debug-iphonesimulator -F /Users/peterjemley/Library/Developer/Xcode/DerivedData/Bridget-avftoqyhbqkugxekjoistukcuxwh/Build/Products/Debug-iphonesimulator/PackageFrameworks -F /Users/peterjemley/Library/Developer/Xcode/DerivedData/Bridget-avftoqyhbqkugxekjoistukcuxwh/Build/Products/Debug-iphonesimulator/PackageFrameworks -F /Users/peterjemley/Library/Developer/Xcode/DerivedData/Bridget-avftoqyhbqkugxekjoistukcuxwh/Build/Products/Debug-iphonesimulator/PackageFrameworks -F /Users/peterjemley/Library/Developer/Xcode/DerivedData/Bridget-avftoqyhbqkugxekjoistukcuxwh/Build/Products/Debug-iphonesimulator/PackageFrameworks -F /Users/peterjemley/Library/Developer/Xcode/DerivedData/Bridget-avftoqyhbqkugxekjoistukcuxwh/Build/Products/Debug-iphonesimulator/PackageFrameworks -F /Users/peterjemley/Library/Developer/Xcode/DerivedData/Bridget-avftoqyhbqkugxekjoistukcuxwh/Build/Products/Debug-iphonesimulator/PackageFrameworks -F /Users/peterjemley/Library/Developer/Xcode/DerivedData/Bridget-avftoqyhbqkugxekjoistukcuxwh/Build/Products/Debug-iphonesimulator/PackageFrameworks -F /Users/peterjemley/Library/Developer/Xcode/DerivedData/Bridget-avftoqyhbqkugxekjoistukcuxwh/Build/Products/Debug-iphonesimulator/PackageFrameworks -F /Users/peterjemley/Library/Developer/Xcode/DerivedData/Bridget-avftoqyhbqkugxekjoistukcuxwh/Build/Products/Debug-iphonesimulator/PackageFrameworks -F /Users/peterjemley/Library/Developer/Xcode/DerivedData/Bridget-avftoqyhbqkugxekjoistukcuxwh/Build/Products/Debug-iphonesimulator/PackageFrameworks -F /Users/peterjemley/Library/Developer/Xcode/DerivedData/Bridget-avftoqyhbqkugxekjoistukcuxwh/Build/Products/Debug-iphonesimulator -emit-localized-strings -emit-localized-strings-path /Users/peterjemley/Library/Developer/Xcode/DerivedData/Bridget-avftoqyhbqkugxekjoistukcuxwh/Build/Intermediates.noindex/Bridget.build/Debug-iphonesimulator/Bridget.build/Objects-normal/arm64 -c -j16 -enable-batch-mode -incremental -Xcc -ivfsstatcache -Xcc /Users/peterjemley/Library/Developer/Xcode/DerivedData/SDKStatCaches.noindex/iphonesimulator18.5-22F76-d5fc8ad4295d2ef488fb7d0f804ce0c4.sdkstatcache -output-file-map /Users/peterjemley/Library/Developer/Xcode/DerivedData/Bridget-avftoqyhbqkugxekjoistukcuxwh/Build/Intermediates.noindex/Bridget.build/Debug-iphonesimulator/Bridget.build/Objects-normal/arm64/Bridget-OutputFileMap.json -use-frontend-parseable-output -save-temps -no-color-diagnostics -serialize-diagnostics -emit-dependencies -emit-module -emit-module-path /Users/peterjemley/Library/Developer/Xcode/DerivedData/Bridget-avftoqyhbqkugxekjoistukcuxwh/Build/Intermediates.noindex/Bridget.build/Debug-iphonesimulator/Bridget.build/Objects-normal/arm64/Bridget.swiftmodule -validate-clang-modules-once -clang-build-session-file /Users/peterjemley/Library/Developer/Xcode/DerivedData/ModuleCache.noindex/Session.modulevalidation -Xcc -I/Users/peterjemley/Library/Developer/Xcode/DerivedData/Bridget-avftoqyhbqkugxekjoistukcuxwh/Build/Intermediates.noindex/Bridget.build/Debug-iphonesimulator/Bridget.build/swift-overrides.hmap -emit-const-values -Xfrontend -const-gather-protocols-file -Xfrontend /Users/peterjemley/Library/Developer/Xcode/DerivedData/Bridget-avftoqyhbqkugxekjoistukcuxwh/Build/Intermediates.noindex/Bridget.build/Debug-iphonesimulator/Bridget.build/Objects-normal/arm64/Bridget_const_extract_protocols.json -Xcc -iquote -Xcc /Users/peterjemley/Library/Developer/Xcode/DerivedData/Bridget-avftoqyhbqkugxekjoistukcuxwh/Build/Intermediates.noindex/Bridget.build/Debug-iphonesimulator/Bridget.build/Bridget-generated-files.hmap -Xcc -I/Users/peterjemley/Library/Developer/Xcode/DerivedData/Bridget-avftoqyhbqkugxekjoistukcuxwh/Build/Intermediates.noindex/Bridget.build/Debug-iphonesimulator/Bridget.build/Bridget-own-target-headers.hmap -Xcc -I/Users/peterjemley/Library/Developer/Xcode/DerivedData/Bridget-avftoqyhbqkugxekjoistukcuxwh/Build/Intermediates.noindex/Bridget.build/Debug-iphonesimulator/Bridget.build/Bridget-all-non-framework-target-headers.hmap -Xcc -ivfsoverlay -Xcc /Users/peterjemley/Library/Developer/Xcode/DerivedData/Bridget-avftoqyhbqkugxekjoistukcuxwh/Build/Intermediates.noindex/Bridget.build/Debug-iphonesimulator/Bridget-8db4b7ce324d0ccb8b542e85f60fec93-VFS-iphonesimulator/all-product-headers.yaml -Xcc -iquote -Xcc /Users/peterjemley/Library/Developer/Xcode/DerivedData/Bridget-avftoqyhbqkugxekjoistukcuxwh/Build/Intermediates.noindex/Bridget.build/Debug-iphonesimulator/Bridget.build/Bridget-project-headers.hmap -Xcc -I/Users/peterjemley/Library/Developer/Xcode/DerivedData/Bridget-avftoqyhbqkugxekjoistukcuxwh/Build/Products/Debug-iphonesimulator/include -Xcc -I/Users/peterjemley/Library/Developer/Xcode/DerivedData/Bridget-avftoqyhbqkugxekjoistukcuxwh/Build/Intermediates.noindex/Bridget.build/Debug-iphonesimulator/Bridget.build/DerivedSources-normal/arm64 -Xcc -I/Users/peterjemley/Library/Developer/Xcode/DerivedData/Bridget-avftoqyhbqkugxekjoistukcuxwh/Build/Intermediates.noindex/Bridget.build/Debug-iphonesimulator/Bridget.build/DerivedSources/arm64 -Xcc -I/Users/peterjemley/Library/Developer/Xcode/DerivedData/Bridget-avftoqyhbqkugxekjoistukcuxwh/Build/Intermediates.noindex/Bridget.build/Debug-iphonesimulator/Bridget.build/DerivedSources -Xcc -DDEBUG\=1 -emit-objc-header -emit-objc-header-path /Users/peterjemley/Library/Developer/Xcode/DerivedData/Bridget-avftoqyhbqkugxekjoistukcuxwh/Build/Intermediates.noindex/Bridget.build/Debug-iphonesimulator/Bridget.build/Objects-normal/arm64/Bridget-Swift.h -working-directory /Users/peterjemley/Documents/Developer/Bridget -experimental-emit-module-separately -disable-cmo

SwiftEmitModule normal arm64 Emitting\ module\ for\ Bridget (in target 'Bridget' from project 'Bridget')

EmitSwiftModule normal arm64 (in target 'Bridget' from project 'Bridget')
    cd /Users/peterjemley/Documents/Developer/Bridget
    

SwiftCompile normal arm64 Compiling\ OpenSeattleAPIService.swift /Users/peterjemley/Documents/Developer/Bridget/Bridget/OpenSeattleAPIService.swift (in target 'Bridget' from project 'Bridget')
SwiftCompile normal arm64 /Users/peterjemley/Documents/Developer/Bridget/Bridget/OpenSeattleAPIService.swift (in target 'Bridget' from project 'Bridget')
    cd /Users/peterjemley/Documents/Developer/Bridget
    

SwiftDriverJobDiscovery normal arm64 Emitting module for Bridget (in target 'Bridget' from project 'Bridget')

SwiftDriver\ Compilation\ Requirements Bridget normal arm64 com.apple.xcode.tools.swift.compiler (in target 'Bridget' from project 'Bridget')
    cd /Users/peterjemley/Documents/Developer/Bridget
    builtin-Swift-Compilation-Requirements -- /Applications/Xcode.app/Contents/Developer/Toolchains/XcodeDefault.xctoolchain/usr/bin/swiftc -module-name Bridget -Onone -enforce-exclusivity\=checked @/Users/peterjemley/Library/Developer/Xcode/DerivedData/Bridget-avftoqyhbqkugxekjoistukcuxwh/Build/Intermediates.noindex/Bridget.build/Debug-iphonesimulator/Bridget.build/Objects-normal/arm64/Bridget.SwiftFileList -DDEBUG -enable-bare-slash-regex -enable-experimental-feature DebugDescriptionMacro -sdk /Applications/Xcode.app/Contents/Developer/Platforms/iPhoneSimulator.platform/Developer/SDKs/iPhoneSimulator18.5.sdk -target arm64-apple-ios18.5-simulator -g -module-cache-path /Users/peterjemley/Library/Developer/Xcode/DerivedData/ModuleCache.noindex -Xfrontend -serialize-debugging-options -profile-coverage-mapping -profile-generate -enable-testing -index-store-path /Users/peterjemley/Library/Developer/Xcode/DerivedData/Bridget-avftoqyhbqkugxekjoistukcuxwh/Index.noindex/DataStore -swift-version 5 -I /Users/peterjemley/Library/Developer/Xcode/DerivedData/Bridget-avftoqyhbqkugxekjoistukcuxwh/Build/Products/Debug-iphonesimulator -F /Users/peterjemley/Library/Developer/Xcode/DerivedData/Bridget-avftoqyhbqkugxekjoistukcuxwh/Build/Products/Debug-iphonesimulator/PackageFrameworks -F /Users/peterjemley/Library/Developer/Xcode/DerivedData/Bridget-avftoqyhbqkugxekjoistukcuxwh/Build/Products/Debug-iphonesimulator/PackageFrameworks -F /Users/peterjemley/Library/Developer/Xcode/DerivedData/Bridget-avftoqyhbqkugxekjoistukcuxwh/Build/Products/Debug-iphonesimulator/PackageFrameworks -F /Users/peterjemley/Library/Developer/Xcode/DerivedData/Bridget-avftoqyhbqkugxekjoistukcuxwh/Build/Products/Debug-iphonesimulator/PackageFrameworks -F /Users/peterjemley/Library/Developer/Xcode/DerivedData/Bridget-avftoqyhbqkugxekjoistukcuxwh/Build/Products/Debug-iphonesimulator/PackageFrameworks -F /Users/peterjemley/Library/Developer/Xcode/DerivedData/Bridget-avftoqyhbqkugxekjoistukcuxwh/Build/Products/Debug-iphonesimulator/PackageFrameworks -F /Users/peterjemley/Library/Developer/Xcode/DerivedData/Bridget-avftoqyhbqkugxekjoistukcuxwh/Build/Products/Debug-iphonesimulator/PackageFrameworks -F /Users/peterjemley/Library/Developer/Xcode/DerivedData/Bridget-avftoqyhbqkugxekjoistukcuxwh/Build/Products/Debug-iphonesimulator/PackageFrameworks -F /Users/peterjemley/Library/Developer/Xcode/DerivedData/Bridget-avftoqyhbqkugxekjoistukcuxwh/Build/Products/Debug-iphonesimulator/PackageFrameworks -F /Users/peterjemley/Library/Developer/Xcode/DerivedData/Bridget-avftoqyhbqkugxekjoistukcuxwh/Build/Products/Debug-iphonesimulator/PackageFrameworks -F /Users/peterjemley/Library/Developer/Xcode/DerivedData/Bridget-avftoqyhbqkugxekjoistukcuxwh/Build/Products/Debug-iphonesimulator -emit-localized-strings -emit-localized-strings-path /Users/peterjemley/Library/Developer/Xcode/DerivedData/Bridget-avftoqyhbqkugxekjoistukcuxwh/Build/Intermediates.noindex/Bridget.build/Debug-iphonesimulator/Bridget.build/Objects-normal/arm64 -c -j16 -enable-batch-mode -incremental -Xcc -ivfsstatcache -Xcc /Users/peterjemley/Library/Developer/Xcode/DerivedData/SDKStatCaches.noindex/iphonesimulator18.5-22F76-d5fc8ad4295d2ef488fb7d0f804ce0c4.sdkstatcache -output-file-map /Users/peterjemley/Library/Developer/Xcode/DerivedData/Bridget-avftoqyhbqkugxekjoistukcuxwh/Build/Intermediates.noindex/Bridget.build/Debug-iphonesimulator/Bridget.build/Objects-normal/arm64/Bridget-OutputFileMap.json -use-frontend-parseable-output -save-temps -no-color-diagnostics -serialize-diagnostics -emit-dependencies -emit-module -emit-module-path /Users/peterjemley/Library/Developer/Xcode/DerivedData/Bridget-avftoqyhbqkugxekjoistukcuxwh/Build/Intermediates.noindex/Bridget.build/Debug-iphonesimulator/Bridget.build/Objects-normal/arm64/Bridget.swiftmodule -validate-clang-modules-once -clang-build-session-file /Users/peterjemley/Library/Developer/Xcode/DerivedData/ModuleCache.noindex/Session.modulevalidation -Xcc -I/Users/peterjemley/Library/Developer/Xcode/DerivedData/Bridget-avftoqyhbqkugxekjoistukcuxwh/Build/Intermediates.noindex/Bridget.build/Debug-iphonesimulator/Bridget.build/swift-overrides.hmap -emit-const-values -Xfrontend -const-gather-protocols-file -Xfrontend /Users/peterjemley/Library/Developer/Xcode/DerivedData/Bridget-avftoqyhbqkugxekjoistukcuxwh/Build/Intermediates.noindex/Bridget.build/Debug-iphonesimulator/Bridget.build/Objects-normal/arm64/Bridget_const_extract_protocols.json -Xcc -iquote -Xcc /Users/peterjemley/Library/Developer/Xcode/DerivedData/Bridget-avftoqyhbqkugxekjoistukcuxwh/Build/Intermediates.noindex/Bridget.build/Debug-iphonesimulator/Bridget.build/Bridget-generated-files.hmap -Xcc -I/Users/peterjemley/Library/Developer/Xcode/DerivedData/Bridget-avftoqyhbqkugxekjoistukcuxwh/Build/Intermediates.noindex/Bridget.build/Debug-iphonesimulator/Bridget.build/Bridget-own-target-headers.hmap -Xcc -I/Users/peterjemley/Library/Developer/Xcode/DerivedData/Bridget-avftoqyhbqkugxekjoistukcuxwh/Build/Intermediates.noindex/Bridget.build/Debug-iphonesimulator/Bridget.build/Bridget-all-non-framework-target-headers.hmap -Xcc -ivfsoverlay -Xcc /Users/peterjemley/Library/Developer/Xcode/DerivedData/Bridget-avftoqyhbqkugxekjoistukcuxwh/Build/Intermediates.noindex/Bridget.build/Debug-iphonesimulator/Bridget-8db4b7ce324d0ccb8b542e85f60fec93-VFS-iphonesimulator/all-product-headers.yaml -Xcc -iquote -Xcc /Users/peterjemley/Library/Developer/Xcode/DerivedData/Bridget-avftoqyhbqkugxekjoistukcuxwh/Build/Intermediates.noindex/Bridget.build/Debug-iphonesimulator/Bridget.build/Bridget-project-headers.hmap -Xcc -I/Users/peterjemley/Library/Developer/Xcode/DerivedData/Bridget-avftoqyhbqkugxekjoistukcuxwh/Build/Products/Debug-iphonesimulator/include -Xcc -I/Users/peterjemley/Library/Developer/Xcode/DerivedData/Bridget-avftoqyhbqkugxekjoistukcuxwh/Build/Intermediates.noindex/Bridget.build/Debug-iphonesimulator/Bridget.build/DerivedSources-normal/arm64 -Xcc -I/Users/peterjemley/Library/Developer/Xcode/DerivedData/Bridget-avftoqyhbqkugxekjoistukcuxwh/Build/Intermediates.noindex/Bridget.build/Debug-iphonesimulator/Bridget.build/DerivedSources/arm64 -Xcc -I/Users/peterjemley/Library/Developer/Xcode/DerivedData/Bridget-avftoqyhbqkugxekjoistukcuxwh/Build/Intermediates.noindex/Bridget.build/Debug-iphonesimulator/Bridget.build/DerivedSources -Xcc -DDEBUG\=1 -emit-objc-header -emit-objc-header-path /Users/peterjemley/Library/Developer/Xcode/DerivedData/Bridget-avftoqyhbqkugxekjoistukcuxwh/Build/Intermediates.noindex/Bridget.build/Debug-iphonesimulator/Bridget.build/Objects-normal/arm64/Bridget-Swift.h -working-directory /Users/peterjemley/Documents/Developer/Bridget -experimental-emit-module-separately -disable-cmo

Copy /Users/peterjemley/Library/Developer/Xcode/DerivedData/Bridget-avftoqyhbqkugxekjoistukcuxwh/Build/Products/Debug-iphonesimulator/Bridget.swiftmodule/Project/arm64-apple-ios-simulator.swiftsourceinfo /Users/peterjemley/Library/Developer/Xcode/DerivedData/Bridget-avftoqyhbqkugxekjoistukcuxwh/Build/Intermediates.noindex/Bridget.build/Debug-iphonesimulator/Bridget.build/Objects-normal/arm64/Bridget.swiftsourceinfo (in target 'Bridget' from project 'Bridget')
    cd /Users/peterjemley/Documents/Developer/Bridget
    builtin-copy -exclude .DS_Store -exclude CVS -exclude .svn -exclude .git -exclude .hg -resolve-src-symlinks -rename /Users/peterjemley/Library/Developer/Xcode/DerivedData/Bridget-avftoqyhbqkugxekjoistukcuxwh/Build/Intermediates.noindex/Bridget.build/Debug-iphonesimulator/Bridget.build/Objects-normal/arm64/Bridget.swiftsourceinfo /Users/peterjemley/Library/Developer/Xcode/DerivedData/Bridget-avftoqyhbqkugxekjoistukcuxwh/Build/Products/Debug-iphonesimulator/Bridget.swiftmodule/Project/arm64-apple-ios-simulator.swiftsourceinfo

Copy /Users/peterjemley/Library/Developer/Xcode/DerivedData/Bridget-avftoqyhbqkugxekjoistukcuxwh/Build/Products/Debug-iphonesimulator/Bridget.swiftmodule/arm64-apple-ios-simulator.abi.json /Users/peterjemley/Library/Developer/Xcode/DerivedData/Bridget-avftoqyhbqkugxekjoistukcuxwh/Build/Intermediates.noindex/Bridget.build/Debug-iphonesimulator/Bridget.build/Objects-normal/arm64/Bridget.abi.json (in target 'Bridget' from project 'Bridget')
    cd /Users/peterjemley/Documents/Developer/Bridget
    builtin-copy -exclude .DS_Store -exclude CVS -exclude .svn -exclude .git -exclude .hg -resolve-src-symlinks -rename /Users/peterjemley/Library/Developer/Xcode/DerivedData/Bridget-avftoqyhbqkugxekjoistukcuxwh/Build/Intermediates.noindex/Bridget.build/Debug-iphonesimulator/Bridget.build/Objects-normal/arm64/Bridget.abi.json /Users/peterjemley/Library/Developer/Xcode/DerivedData/Bridget-avftoqyhbqkugxekjoistukcuxwh/Build/Products/Debug-iphonesimulator/Bridget.swiftmodule/arm64-apple-ios-simulator.abi.json

Copy /Users/peterjemley/Library/Developer/Xcode/DerivedData/Bridget-avftoqyhbqkugxekjoistukcuxwh/Build/Products/Debug-iphonesimulator/Bridget.swiftmodule/arm64-apple-ios-simulator.swiftmodule /Users/peterjemley/Library/Developer/Xcode/DerivedData/Bridget-avftoqyhbqkugxekjoistukcuxwh/Build/Intermediates.noindex/Bridget.build/Debug-iphonesimulator/Bridget.build/Objects-normal/arm64/Bridget.swiftmodule (in target 'Bridget' from project 'Bridget')
    cd /Users/peterjemley/Documents/Developer/Bridget
    builtin-copy -exclude .DS_Store -exclude CVS -exclude .svn -exclude .git -exclude .hg -resolve-src-symlinks -rename /Users/peterjemley/Library/Developer/Xcode/DerivedData/Bridget-avftoqyhbqkugxekjoistukcuxwh/Build/Intermediates.noindex/Bridget.build/Debug-iphonesimulator/Bridget.build/Objects-normal/arm64/Bridget.swiftmodule /Users/peterjemley/Library/Developer/Xcode/DerivedData/Bridget-avftoqyhbqkugxekjoistukcuxwh/Build/Products/Debug-iphonesimulator/Bridget.swiftmodule/arm64-apple-ios-simulator.swiftmodule

SwiftDriverJobDiscovery normal arm64 Compiling OpenSeattleAPIService.swift (in target 'Bridget' from project 'Bridget')

SwiftDriver\ Compilation Bridget normal arm64 com.apple.xcode.tools.swift.compiler (in target 'Bridget' from project 'Bridget')
    cd /Users/peterjemley/Documents/Developer/Bridget
    builtin-Swift-Compilation -- /Applications/Xcode.app/Contents/Developer/Toolchains/XcodeDefault.xctoolchain/usr/bin/swiftc -module-name Bridget -Onone -enforce-exclusivity\=checked @/Users/peterjemley/Library/Developer/Xcode/DerivedData/Bridget-avftoqyhbqkugxekjoistukcuxwh/Build/Intermediates.noindex/Bridget.build/Debug-iphonesimulator/Bridget.build/Objects-normal/arm64/Bridget.SwiftFileList -DDEBUG -enable-bare-slash-regex -enable-experimental-feature DebugDescriptionMacro -sdk /Applications/Xcode.app/Contents/Developer/Platforms/iPhoneSimulator.platform/Developer/SDKs/iPhoneSimulator18.5.sdk -target arm64-apple-ios18.5-simulator -g -module-cache-path /Users/peterjemley/Library/Developer/Xcode/DerivedData/ModuleCache.noindex -Xfrontend -serialize-debugging-options -profile-coverage-mapping -profile-generate -enable-testing -index-store-path /Users/peterjemley/Library/Developer/Xcode/DerivedData/Bridget-avftoqyhbqkugxekjoistukcuxwh/Index.noindex/DataStore -swift-version 5 -I /Users/peterjemley/Library/Developer/Xcode/DerivedData/Bridget-avftoqyhbqkugxekjoistukcuxwh/Build/Products/Debug-iphonesimulator -F /Users/peterjemley/Library/Developer/Xcode/DerivedData/Bridget-avftoqyhbqkugxekjoistukcuxwh/Build/Products/Debug-iphonesimulator/PackageFrameworks -F /Users/peterjemley/Library/Developer/Xcode/DerivedData/Bridget-avftoqyhbqkugxekjoistukcuxwh/Build/Products/Debug-iphonesimulator/PackageFrameworks -F /Users/peterjemley/Library/Developer/Xcode/DerivedData/Bridget-avftoqyhbqkugxekjoistukcuxwh/Build/Products/Debug-iphonesimulator/PackageFrameworks -F /Users/peterjemley/Library/Developer/Xcode/DerivedData/Bridget-avftoqyhbqkugxekjoistukcuxwh/Build/Products/Debug-iphonesimulator/PackageFrameworks -F /Users/peterjemley/Library/Developer/Xcode/DerivedData/Bridget-avftoqyhbqkugxekjoistukcuxwh/Build/Products/Debug-iphonesimulator/PackageFrameworks -F /Users/peterjemley/Library/Developer/Xcode/DerivedData/Bridget-avftoqyhbqkugxekjoistukcuxwh/Build/Products/Debug-iphonesimulator/PackageFrameworks -F /Users/peterjemley/Library/Developer/Xcode/DerivedData/Bridget-avftoqyhbqkugxekjoistukcuxwh/Build/Products/Debug-iphonesimulator/PackageFrameworks -F /Users/peterjemley/Library/Developer/Xcode/DerivedData/Bridget-avftoqyhbqkugxekjoistukcuxwh/Build/Products/Debug-iphonesimulator/PackageFrameworks -F /Users/peterjemley/Library/Developer/Xcode/DerivedData/Bridget-avftoqyhbqkugxekjoistukcuxwh/Build/Products/Debug-iphonesimulator/PackageFrameworks -F /Users/peterjemley/Library/Developer/Xcode/DerivedData/Bridget-avftoqyhbqkugxekjoistukcuxwh/Build/Products/Debug-iphonesimulator/PackageFrameworks -F /Users/peterjemley/Library/Developer/Xcode/DerivedData/Bridget-avftoqyhbqkugxekjoistukcuxwh/Build/Products/Debug-iphonesimulator -emit-localized-strings -emit-localized-strings-path /Users/peterjemley/Library/Developer/Xcode/DerivedData/Bridget-avftoqyhbqkugxekjoistukcuxwh/Build/Intermediates.noindex/Bridget.build/Debug-iphonesimulator/Bridget.build/Objects-normal/arm64 -c -j16 -enable-batch-mode -incremental -Xcc -ivfsstatcache -Xcc /Users/peterjemley/Library/Developer/Xcode/DerivedData/SDKStatCaches.noindex/iphonesimulator18.5-22F76-d5fc8ad4295d2ef488fb7d0f804ce0c4.sdkstatcache -output-file-map /Users/peterjemley/Library/Developer/Xcode/DerivedData/Bridget-avftoqyhbqkugxekjoistukcuxwh/Build/Intermediates.noindex/Bridget.build/Debug-iphonesimulator/Bridget.build/Objects-normal/arm64/Bridget-OutputFileMap.json -use-frontend-parseable-output -save-temps -no-color-diagnostics -serialize-diagnostics -emit-dependencies -emit-module -emit-module-path /Users/peterjemley/Library/Developer/Xcode/DerivedData/Bridget-avftoqyhbqkugxekjoistukcuxwh/Build/Intermediates.noindex/Bridget.build/Debug-iphonesimulator/Bridget.build/Objects-normal/arm64/Bridget.swiftmodule -validate-clang-modules-once -clang-build-session-file /Users/peterjemley/Library/Developer/Xcode/DerivedData/ModuleCache.noindex/Session.modulevalidation -Xcc -I/Users/peterjemley/Library/Developer/Xcode/DerivedData/Bridget-avftoqyhbqkugxekjoistukcuxwh/Build/Intermediates.noindex/Bridget.build/Debug-iphonesimulator/Bridget.build/swift-overrides.hmap -emit-const-values -Xfrontend -const-gather-protocols-file -Xfrontend /Users/peterjemley/Library/Developer/Xcode/DerivedData/Bridget-avftoqyhbqkugxekjoistukcuxwh/Build/Intermediates.noindex/Bridget.build/Debug-iphonesimulator/Bridget.build/Objects-normal/arm64/Bridget_const_extract_protocols.json -Xcc -iquote -Xcc /Users/peterjemley/Library/Developer/Xcode/DerivedData/Bridget-avftoqyhbqkugxekjoistukcuxwh/Build/Intermediates.noindex/Bridget.build/Debug-iphonesimulator/Bridget.build/Bridget-generated-files.hmap -Xcc -I/Users/peterjemley/Library/Developer/Xcode/DerivedData/Bridget-avftoqyhbqkugxekjoistukcuxwh/Build/Intermediates.noindex/Bridget.build/Debug-iphonesimulator/Bridget.build/Bridget-own-target-headers.hmap -Xcc -I/Users/peterjemley/Library/Developer/Xcode/DerivedData/Bridget-avftoqyhbqkugxekjoistukcuxwh/Build/Intermediates.noindex/Bridget.build/Debug-iphonesimulator/Bridget.build/Bridget-all-non-framework-target-headers.hmap -Xcc -ivfsoverlay -Xcc /Users/peterjemley/Library/Developer/Xcode/DerivedData/Bridget-avftoqyhbqkugxekjoistukcuxwh/Build/Intermediates.noindex/Bridget.build/Debug-iphonesimulator/Bridget-8db4b7ce324d0ccb8b542e85f60fec93-VFS-iphonesimulator/all-product-headers.yaml -Xcc -iquote -Xcc /Users/peterjemley/Library/Developer/Xcode/DerivedData/Bridget-avftoqyhbqkugxekjoistukcuxwh/Build/Intermediates.noindex/Bridget.build/Debug-iphonesimulator/Bridget.build/Bridget-project-headers.hmap -Xcc -I/Users/peterjemley/Library/Developer/Xcode/DerivedData/Bridget-avftoqyhbqkugxekjoistukcuxwh/Build/Products/Debug-iphonesimulator/include -Xcc -I/Users/peterjemley/Library/Developer/Xcode/DerivedData/Bridget-avftoqyhbqkugxekjoistukcuxwh/Build/Intermediates.noindex/Bridget.build/Debug-iphonesimulator/Bridget.build/DerivedSources-normal/arm64 -Xcc -I/Users/peterjemley/Library/Developer/Xcode/DerivedData/Bridget-avftoqyhbqkugxekjoistukcuxwh/Build/Intermediates.noindex/Bridget.build/Debug-iphonesimulator/Bridget.build/DerivedSources/arm64 -Xcc -I/Users/peterjemley/Library/Developer/Xcode/DerivedData/Bridget-avftoqyhbqkugxekjoistukcuxwh/Build/Intermediates.noindex/Bridget.build/Debug-iphonesimulator/Bridget.build/DerivedSources -Xcc -DDEBUG\=1 -emit-objc-header -emit-objc-header-path /Users/peterjemley/Library/Developer/Xcode/DerivedData/Bridget-avftoqyhbqkugxekjoistukcuxwh/Build/Intermediates.noindex/Bridget.build/Debug-iphonesimulator/Bridget.build/Objects-normal/arm64/Bridget-Swift.h -working-directory /Users/peterjemley/Documents/Developer/Bridget -experimental-emit-module-separately -disable-cmo

Ld /Users/peterjemley/Library/Developer/Xcode/DerivedData/Bridget-avftoqyhbqkugxekjoistukcuxwh/Build/Products/Debug-iphonesimulator/Bridget.app/Bridget.debug.dylib normal (in target 'Bridget' from project 'Bridget')
    cd /Users/peterjemley/Documents/Developer/Bridget
    /Applications/Xcode.app/Contents/Developer/Toolchains/XcodeDefault.xctoolchain/usr/bin/clang -Xlinker -reproducible -target arm64-apple-ios18.5-simulator -dynamiclib -isysroot /Applications/Xcode.app/Contents/Developer/Platforms/iPhoneSimulator.platform/Developer/SDKs/iPhoneSimulator18.5.sdk -O0 -L/Users/peterjemley/Library/Developer/Xcode/DerivedData/Bridget-avftoqyhbqkugxekjoistukcuxwh/Build/Intermediates.noindex/EagerLinkingTBDs/Debug-iphonesimulator -L/Users/peterjemley/Library/Developer/Xcode/DerivedData/Bridget-avftoqyhbqkugxekjoistukcuxwh/Build/Products/Debug-iphonesimulator -F/Users/peterjemley/Library/Developer/Xcode/DerivedData/Bridget-avftoqyhbqkugxekjoistukcuxwh/Build/Intermediates.noindex/EagerLinkingTBDs/Debug-iphonesimulator -F/Users/peterjemley/Library/Developer/Xcode/DerivedData/Bridget-avftoqyhbqkugxekjoistukcuxwh/Build/Products/Debug-iphonesimulator/PackageFrameworks -F/Users/peterjemley/Library/Developer/Xcode/DerivedData/Bridget-avftoqyhbqkugxekjoistukcuxwh/Build/Products/Debug-iphonesimulator/PackageFrameworks -F/Users/peterjemley/Library/Developer/Xcode/DerivedData/Bridget-avftoqyhbqkugxekjoistukcuxwh/Build/Products/Debug-iphonesimulator/PackageFrameworks -F/Users/peterjemley/Library/Developer/Xcode/DerivedData/Bridget-avftoqyhbqkugxekjoistukcuxwh/Build/Products/Debug-iphonesimulator/PackageFrameworks -F/Users/peterjemley/Library/Developer/Xcode/DerivedData/Bridget-avftoqyhbqkugxekjoistukcuxwh/Build/Products/Debug-iphonesimulator/PackageFrameworks -F/Users/peterjemley/Library/Developer/Xcode/DerivedData/Bridget-avftoqyhbqkugxekjoistukcuxwh/Build/Products/Debug-iphonesimulator/PackageFrameworks -F/Users/peterjemley/Library/Developer/Xcode/DerivedData/Bridget-avftoqyhbqkugxekjoistukcuxwh/Build/Products/Debug-iphonesimulator/PackageFrameworks -F/Users/peterjemley/Library/Developer/Xcode/DerivedData/Bridget-avftoqyhbqkugxekjoistukcuxwh/Build/Products/Debug-iphonesimulator/PackageFrameworks -F/Users/peterjemley/Library/Developer/Xcode/DerivedData/Bridget-avftoqyhbqkugxekjoistukcuxwh/Build/Products/Debug-iphonesimulator/PackageFrameworks -F/Users/peterjemley/Library/Developer/Xcode/DerivedData/Bridget-avftoqyhbqkugxekjoistukcuxwh/Build/Products/Debug-iphonesimulator/PackageFrameworks -F/Users/peterjemley/Library/Developer/Xcode/DerivedData/Bridget-avftoqyhbqkugxekjoistukcuxwh/Build/Products/Debug-iphonesimulator -filelist /Users/peterjemley/Library/Developer/Xcode/DerivedData/Bridget-avftoqyhbqkugxekjoistukcuxwh/Build/Intermediates.noindex/Bridget.build/Debug-iphonesimulator/Bridget.build/Objects-normal/arm64/Bridget.LinkFileList -install_name @rpath/Bridget.debug.dylib -Xlinker -rpath -Xlinker /Users/peterjemley/Library/Developer/Xcode/DerivedData/Bridget-avftoqyhbqkugxekjoistukcuxwh/Build/Products/Debug-iphonesimulator/PackageFrameworks -Xlinker -rpath -Xlinker @executable_path/Frameworks -dead_strip -Xlinker -object_path_lto -Xlinker /Users/peterjemley/Library/Developer/Xcode/DerivedData/Bridget-avftoqyhbqkugxekjoistukcuxwh/Build/Intermediates.noindex/Bridget.build/Debug-iphonesimulator/Bridget.build/Objects-normal/arm64/Bridget_lto.o -rdynamic -Xlinker -no_deduplicate -Xlinker -objc_abi_version -Xlinker 2 -Xlinker -debug_variant -Xlinker -dependency_info -Xlinker /Users/peterjemley/Library/Developer/Xcode/DerivedData/Bridget-avftoqyhbqkugxekjoistukcuxwh/Build/Intermediates.noindex/Bridget.build/Debug-iphonesimulator/Bridget.build/Objects-normal/arm64/Bridget_dependency_info.dat -fobjc-link-runtime -fprofile-instr-generate -L/Applications/Xcode.app/Contents/Developer/Toolchains/XcodeDefault.xctoolchain/usr/lib/swift/iphonesimulator -L/usr/lib/swift -Xlinker -add_ast_path -Xlinker /Users/peterjemley/Library/Developer/Xcode/DerivedData/Bridget-avftoqyhbqkugxekjoistukcuxwh/Build/Intermediates.noindex/Bridget.build/Debug-iphonesimulator/Bridget.build/Objects-normal/arm64/Bridget.swiftmodule -Wl,-no_warn_duplicate_libraries -Wl,-no_warn_duplicate_libraries -Wl,-no_warn_duplicate_libraries -Wl,-no_warn_duplicate_libraries -Wl,-no_warn_duplicate_libraries -Wl,-no_warn_duplicate_libraries -Wl,-no_warn_duplicate_libraries -Wl,-no_warn_duplicate_libraries -Wl,-no_warn_duplicate_libraries -Wl,-no_warn_duplicate_libraries -Xlinker -alias -Xlinker _main -Xlinker ___debug_main_executable_dylib_entry_point -Xlinker -no_adhoc_codesign -o /Users/peterjemley/Library/Developer/Xcode/DerivedData/Bridget-avftoqyhbqkugxekjoistukcuxwh/Build/Products/Debug-iphonesimulator/Bridget.app/Bridget.debug.dylib -Xlinker -add_ast_path -Xlinker /Users/peterjemley/Library/Developer/Xcode/DerivedData/Bridget-avftoqyhbqkugxekjoistukcuxwh/Build/Intermediates.noindex/BridgetNetworking.build/Debug-iphonesimulator/BridgetNetworking.build/Objects-normal/arm64/BridgetNetworking.swiftmodule -Xlinker -add_ast_path -Xlinker /Users/peterjemley/Library/Developer/Xcode/DerivedData/Bridget-avftoqyhbqkugxekjoistukcuxwh/Build/Intermediates.noindex/BridgetCore.build/Debug-iphonesimulator/BridgetCore.build/Objects-normal/arm64/BridgetCore.swiftmodule -Xlinker -add_ast_path -Xlinker /Users/peterjemley/Library/Developer/Xcode/DerivedData/Bridget-avftoqyhbqkugxekjoistukcuxwh/Build/Intermediates.noindex/BridgetSettings.build/Debug-iphonesimulator/BridgetSettings.build/Objects-normal/arm64/BridgetSettings.swiftmodule -Xlinker -add_ast_path -Xlinker /Users/peterjemley/Library/Developer/Xcode/DerivedData/Bridget-avftoqyhbqkugxekjoistukcuxwh/Build/Intermediates.noindex/BridgetSharedUI.build/Debug-iphonesimulator/BridgetSharedUI.build/Objects-normal/arm64/BridgetSharedUI.swiftmodule -Xlinker -add_ast_path -Xlinker /Users/peterjemley/Library/Developer/Xcode/DerivedData/Bridget-avftoqyhbqkugxekjoistukcuxwh/Build/Intermediates.noindex/BridgetHistory.build/Debug-iphonesimulator/BridgetHistory.build/Objects-normal/arm64/BridgetHistory.swiftmodule -Xlinker -add_ast_path -Xlinker /Users/peterjemley/Library/Developer/Xcode/DerivedData/Bridget-avftoqyhbqkugxekjoistukcuxwh/Build/Intermediates.noindex/BridgetStatistics.build/Debug-iphonesimulator/BridgetStatistics.build/Objects-normal/arm64/BridgetStatistics.swiftmodule -Xlinker -add_ast_path -Xlinker /Users/peterjemley/Library/Developer/Xcode/DerivedData/Bridget-avftoqyhbqkugxekjoistukcuxwh/Build/Intermediates.noindex/BridgetRouting.build/Debug-iphonesimulator/BridgetRouting.build/Objects-normal/arm64/BridgetRouting.swiftmodule -Xlinker -add_ast_path -Xlinker /Users/peterjemley/Library/Developer/Xcode/DerivedData/Bridget-avftoqyhbqkugxekjoistukcuxwh/Build/Intermediates.noindex/BridgetBridgeDetail.build/Debug-iphonesimulator/BridgetBridgeDetail.build/Objects-normal/arm64/BridgetBridgeDetail.swiftmodule -Xlinker -add_ast_path -Xlinker /Users/peterjemley/Library/Developer/Xcode/DerivedData/Bridget-avftoqyhbqkugxekjoistukcuxwh/Build/Intermediates.noindex/BridgetDashboard.build/Debug-iphonesimulator/BridgetDashboard.build/Objects-normal/arm64/BridgetDashboard.swiftmodule -Xlinker -add_ast_path -Xlinker /Users/peterjemley/Library/Developer/Xcode/DerivedData/Bridget-avftoqyhbqkugxekjoistukcuxwh/Build/Intermediates.noindex/BridgetBridgesList.build/Debug-iphonesimulator/BridgetBridgesList.build/Objects-normal/arm64/BridgetBridgesList.swiftmodule

ConstructStubExecutorLinkFileList /Users/peterjemley/Library/Developer/Xcode/DerivedData/Bridget-avftoqyhbqkugxekjoistukcuxwh/Build/Intermediates.noindex/Bridget.build/Debug-iphonesimulator/Bridget.build/Bridget-ExecutorLinkFileList-normal-arm64.txt (in target 'Bridget' from project 'Bridget')
    cd /Users/peterjemley/Documents/Developer/Bridget
    construct-stub-executor-link-file-list /Users/peterjemley/Library/Developer/Xcode/DerivedData/Bridget-avftoqyhbqkugxekjoistukcuxwh/Build/Products/Debug-iphonesimulator/Bridget.app/Bridget.debug.dylib /Applications/Xcode.app/Contents/Developer/Platforms/iPhoneSimulator.platform/Developer/usr/lib/libPreviewsJITStubExecutor_no_swift_entry_point.a /Applications/Xcode.app/Contents/Developer/Platforms/iPhoneSimulator.platform/Developer/usr/lib/libPreviewsJITStubExecutor.a --output /Users/peterjemley/Library/Developer/Xcode/DerivedData/Bridget-avftoqyhbqkugxekjoistukcuxwh/Build/Intermediates.noindex/Bridget.build/Debug-iphonesimulator/Bridget.build/Bridget-ExecutorLinkFileList-normal-arm64.txt
note: Using stub executor library with Swift entry point. (in target 'Bridget' from project 'Bridget')

Ld /Users/peterjemley/Library/Developer/Xcode/DerivedData/Bridget-avftoqyhbqkugxekjoistukcuxwh/Build/Products/Debug-iphonesimulator/Bridget.app/Bridget normal (in target 'Bridget' from project 'Bridget')
    cd /Users/peterjemley/Documents/Developer/Bridget
    /Applications/Xcode.app/Contents/Developer/Toolchains/XcodeDefault.xctoolchain/usr/bin/clang -Xlinker -reproducible -target arm64-apple-ios18.5-simulator -isysroot /Applications/Xcode.app/Contents/Developer/Platforms/iPhoneSimulator.platform/Developer/SDKs/iPhoneSimulator18.5.sdk -O0 -L/Users/peterjemley/Library/Developer/Xcode/DerivedData/Bridget-avftoqyhbqkugxekjoistukcuxwh/Build/Products/Debug-iphonesimulator -F/Users/peterjemley/Library/Developer/Xcode/DerivedData/Bridget-avftoqyhbqkugxekjoistukcuxwh/Build/Products/Debug-iphonesimulator/PackageFrameworks -F/Users/peterjemley/Library/Developer/Xcode/DerivedData/Bridget-avftoqyhbqkugxekjoistukcuxwh/Build/Products/Debug-iphonesimulator/PackageFrameworks -F/Users/peterjemley/Library/Developer/Xcode/DerivedData/Bridget-avftoqyhbqkugxekjoistukcuxwh/Build/Products/Debug-iphonesimulator/PackageFrameworks -F/Users/peterjemley/Library/Developer/Xcode/DerivedData/Bridget-avftoqyhbqkugxekjoistukcuxwh/Build/Products/Debug-iphonesimulator/PackageFrameworks -F/Users/peterjemley/Library/Developer/Xcode/DerivedData/Bridget-avftoqyhbqkugxekjoistukcuxwh/Build/Products/Debug-iphonesimulator/PackageFrameworks -F/Users/peterjemley/Library/Developer/Xcode/DerivedData/Bridget-avftoqyhbqkugxekjoistukcuxwh/Build/Products/Debug-iphonesimulator/PackageFrameworks -F/Users/peterjemley/Library/Developer/Xcode/DerivedData/Bridget-avftoqyhbqkugxekjoistukcuxwh/Build/Products/Debug-iphonesimulator/PackageFrameworks -F/Users/peterjemley/Library/Developer/Xcode/DerivedData/Bridget-avftoqyhbqkugxekjoistukcuxwh/Build/Products/Debug-iphonesimulator/PackageFrameworks -F/Users/peterjemley/Library/Developer/Xcode/DerivedData/Bridget-avftoqyhbqkugxekjoistukcuxwh/Build/Products/Debug-iphonesimulator/PackageFrameworks -F/Users/peterjemley/Library/Developer/Xcode/DerivedData/Bridget-avftoqyhbqkugxekjoistukcuxwh/Build/Products/Debug-iphonesimulator/PackageFrameworks -F/Users/peterjemley/Library/Developer/Xcode/DerivedData/Bridget-avftoqyhbqkugxekjoistukcuxwh/Build/Products/Debug-iphonesimulator -Xlinker -rpath -Xlinker @executable_path -Xlinker -rpath -Xlinker /Users/peterjemley/Library/Developer/Xcode/DerivedData/Bridget-avftoqyhbqkugxekjoistukcuxwh/Build/Products/Debug-iphonesimulator/PackageFrameworks -Xlinker -rpath -Xlinker @executable_path/Frameworks -rdynamic -Xlinker -no_deduplicate -Xlinker -objc_abi_version -Xlinker 2 -Xlinker -debug_variant -e ___debug_blank_executor_main -Xlinker -sectcreate -Xlinker __TEXT -Xlinker __debug_dylib -Xlinker /Users/peterjemley/Library/Developer/Xcode/DerivedData/Bridget-avftoqyhbqkugxekjoistukcuxwh/Build/Intermediates.noindex/Bridget.build/Debug-iphonesimulator/Bridget.build/Bridget-DebugDylibPath-normal-arm64.txt -Xlinker -sectcreate -Xlinker __TEXT -Xlinker __debug_instlnm -Xlinker /Users/peterjemley/Library/Developer/Xcode/DerivedData/Bridget-avftoqyhbqkugxekjoistukcuxwh/Build/Intermediates.noindex/Bridget.build/Debug-iphonesimulator/Bridget.build/Bridget-DebugDylibInstallName-normal-arm64.txt -Xlinker -filelist -Xlinker /Users/peterjemley/Library/Developer/Xcode/DerivedData/Bridget-avftoqyhbqkugxekjoistukcuxwh/Build/Intermediates.noindex/Bridget.build/Debug-iphonesimulator/Bridget.build/Bridget-ExecutorLinkFileList-normal-arm64.txt -Xlinker -sectcreate -Xlinker __TEXT -Xlinker __entitlements -Xlinker /Users/peterjemley/Library/Developer/Xcode/DerivedData/Bridget-avftoqyhbqkugxekjoistukcuxwh/Build/Intermediates.noindex/Bridget.build/Debug-iphonesimulator/Bridget.build/Bridget.app-Simulated.xcent -Xlinker -sectcreate -Xlinker __TEXT -Xlinker __ents_der -Xlinker /Users/peterjemley/Library/Developer/Xcode/DerivedData/Bridget-avftoqyhbqkugxekjoistukcuxwh/Build/Intermediates.noindex/Bridget.build/Debug-iphonesimulator/Bridget.build/Bridget.app-Simulated.xcent.der /Users/peterjemley/Library/Developer/Xcode/DerivedData/Bridget-avftoqyhbqkugxekjoistukcuxwh/Build/Products/Debug-iphonesimulator/Bridget.app/Bridget.debug.dylib -Xlinker -no_adhoc_codesign -o /Users/peterjemley/Library/Developer/Xcode/DerivedData/Bridget-avftoqyhbqkugxekjoistukcuxwh/Build/Products/Debug-iphonesimulator/Bridget.app/Bridget

ExtractAppIntentsMetadata (in target 'Bridget' from project 'Bridget')
    cd /Users/peterjemley/Documents/Developer/Bridget
    /Applications/Xcode.app/Contents/Developer/Toolchains/XcodeDefault.xctoolchain/usr/bin/appintentsmetadataprocessor --toolchain-dir /Applications/Xcode.app/Contents/Developer/Toolchains/XcodeDefault.xctoolchain --module-name Bridget --sdk-root /Applications/Xcode.app/Contents/Developer/Platforms/iPhoneSimulator.platform/Developer/SDKs/iPhoneSimulator18.5.sdk --xcode-version 16F6 --platform-family iOS --deployment-target 18.5 --bundle-identifier com.peterjemley.Bridget --output /Users/peterjemley/Library/Developer/Xcode/DerivedData/Bridget-avftoqyhbqkugxekjoistukcuxwh/Build/Products/Debug-iphonesimulator/Bridget.app --target-triple arm64-apple-ios18.5-simulator --binary-file /Users/peterjemley/Library/Developer/Xcode/DerivedData/Bridget-avftoqyhbqkugxekjoistukcuxwh/Build/Products/Debug-iphonesimulator/Bridget.app/Bridget --dependency-file /Users/peterjemley/Library/Developer/Xcode/DerivedData/Bridget-avftoqyhbqkugxekjoistukcuxwh/Build/Intermediates.noindex/Bridget.build/Debug-iphonesimulator/Bridget.build/Objects-normal/arm64/Bridget_dependency_info.dat --stringsdata-file /Users/peterjemley/Library/Developer/Xcode/DerivedData/Bridget-avftoqyhbqkugxekjoistukcuxwh/Build/Intermediates.noindex/Bridget.build/Debug-iphonesimulator/Bridget.build/Objects-normal/arm64/ExtractedAppShortcutsMetadata.stringsdata --source-file-list /Users/peterjemley/Library/Developer/Xcode/DerivedData/Bridget-avftoqyhbqkugxekjoistukcuxwh/Build/Intermediates.noindex/Bridget.build/Debug-iphonesimulator/Bridget.build/Objects-normal/arm64/Bridget.SwiftFileList --metadata-file-list /Users/peterjemley/Library/Developer/Xcode/DerivedData/Bridget-avftoqyhbqkugxekjoistukcuxwh/Build/Intermediates.noindex/Bridget.build/Debug-iphonesimulator/Bridget.build/Bridget.DependencyMetadataFileList --static-metadata-file-list /Users/peterjemley/Library/Developer/Xcode/DerivedData/Bridget-avftoqyhbqkugxekjoistukcuxwh/Build/Intermediates.noindex/Bridget.build/Debug-iphonesimulator/Bridget.build/Bridget.DependencyStaticMetadataFileList --swift-const-vals-list /Users/peterjemley/Library/Developer/Xcode/DerivedData/Bridget-avftoqyhbqkugxekjoistukcuxwh/Build/Intermediates.noindex/Bridget.build/Debug-iphonesimulator/Bridget.build/Objects-normal/arm64/Bridget.SwiftConstValuesFileList --compile-time-extraction --deployment-aware-processing --validate-assistant-intents --no-app-shortcuts-localization
2025-07-15 18:12:27.040 appintentsmetadataprocessor[56311:841209] Starting appintentsmetadataprocessor export
2025-07-15 18:12:27.041 appintentsmetadataprocessor[56311:841209] warning: Metadata extraction skipped. No AppIntents.framework dependency found.

CopySwiftLibs /Users/peterjemley/Library/Developer/Xcode/DerivedData/Bridget-avftoqyhbqkugxekjoistukcuxwh/Build/Products/Debug-iphonesimulator/Bridget.app (in target 'Bridget' from project 'Bridget')
    cd /Users/peterjemley/Documents/Developer/Bridget
    builtin-swiftStdLibTool --copy --verbose --sign - --scan-executable /Users/peterjemley/Library/Developer/Xcode/DerivedData/Bridget-avftoqyhbqkugxekjoistukcuxwh/Build/Products/Debug-iphonesimulator/Bridget.app/Bridget.debug.dylib --scan-folder /Users/peterjemley/Library/Developer/Xcode/DerivedData/Bridget-avftoqyhbqkugxekjoistukcuxwh/Build/Products/Debug-iphonesimulator/Bridget.app/Frameworks --scan-folder /Users/peterjemley/Library/Developer/Xcode/DerivedData/Bridget-avftoqyhbqkugxekjoistukcuxwh/Build/Products/Debug-iphonesimulator/Bridget.app/PlugIns --scan-folder /Users/peterjemley/Library/Developer/Xcode/DerivedData/Bridget-avftoqyhbqkugxekjoistukcuxwh/Build/Products/Debug-iphonesimulator/Bridget.app/SystemExtensions --scan-folder /Users/peterjemley/Library/Developer/Xcode/DerivedData/Bridget-avftoqyhbqkugxekjoistukcuxwh/Build/Products/Debug-iphonesimulator/Bridget.app/Extensions --platform iphonesimulator --toolchain /Applications/Xcode.app/Contents/Developer/Toolchains/XcodeDefault.xctoolchain --destination /Users/peterjemley/Library/Developer/Xcode/DerivedData/Bridget-avftoqyhbqkugxekjoistukcuxwh/Build/Products/Debug-iphonesimulator/Bridget.app/Frameworks --strip-bitcode --strip-bitcode-tool /Applications/Xcode.app/Contents/Developer/Toolchains/XcodeDefault.xctoolchain/usr/bin/bitcode_strip --emit-dependency-info /Users/peterjemley/Library/Developer/Xcode/DerivedData/Bridget-avftoqyhbqkugxekjoistukcuxwh/Build/Intermediates.noindex/Bridget.build/Debug-iphonesimulator/Bridget.build/SwiftStdLibToolInputDependencies.dep --filter-for-swift-os

ProcessInfoPlistFile /Users/peterjemley/Library/Developer/Xcode/DerivedData/Bridget-avftoqyhbqkugxekjoistukcuxwh/Build/Products/Debug-iphonesimulator/Bridget.app/Info.plist /Users/peterjemley/Library/Developer/Xcode/DerivedData/Bridget-avftoqyhbqkugxekjoistukcuxwh/Build/Intermediates.noindex/Bridget.build/Debug-iphonesimulator/Bridget.build/empty-Bridget.plist (in target 'Bridget' from project 'Bridget')
    cd /Users/peterjemley/Documents/Developer/Bridget
    builtin-infoPlistUtility /Users/peterjemley/Library/Developer/Xcode/DerivedData/Bridget-avftoqyhbqkugxekjoistukcuxwh/Build/Intermediates.noindex/Bridget.build/Debug-iphonesimulator/Bridget.build/empty-Bridget.plist -producttype com.apple.product-type.application -genpkginfo /Users/peterjemley/Library/Developer/Xcode/DerivedData/Bridget-avftoqyhbqkugxekjoistukcuxwh/Build/Products/Debug-iphonesimulator/Bridget.app/PkgInfo -expandbuildsettings -format binary -platform iphonesimulator -additionalcontentfile /Users/peterjemley/Library/Developer/Xcode/DerivedData/Bridget-avftoqyhbqkugxekjoistukcuxwh/Build/Intermediates.noindex/Bridget.build/Debug-iphonesimulator/Bridget.build/assetcatalog_generated_info.plist -o /Users/peterjemley/Library/Developer/Xcode/DerivedData/Bridget-avftoqyhbqkugxekjoistukcuxwh/Build/Products/Debug-iphonesimulator/Bridget.app/Info.plist

ProcessProductPackaging "" /Users/peterjemley/Library/Developer/Xcode/DerivedData/Bridget-avftoqyhbqkugxekjoistukcuxwh/Build/Intermediates.noindex/Bridget.build/Debug-iphonesimulator/BridgetUITests.build/BridgetUITests.xctest-Simulated.xcent (in target 'BridgetUITests' from project 'Bridget')
    cd /Users/peterjemley/Documents/Developer/Bridget
    
    Entitlements:
    
    {
    "application-identifier" = "A826T32EQ3.com.peterjemley.BridgetUITests.xctrunner";
    "keychain-access-groups" =     (
        "A826T32EQ3.com.peterjemley.BridgetUITests.xctrunner"
    );
}
    
    builtin-productPackagingUtility -entitlements -format xml -o /Users/peterjemley/Library/Developer/Xcode/DerivedData/Bridget-avftoqyhbqkugxekjoistukcuxwh/Build/Intermediates.noindex/Bridget.build/Debug-iphonesimulator/BridgetUITests.build/BridgetUITests.xctest-Simulated.xcent

WriteAuxiliaryFile /Users/peterjemley/Library/Developer/Xcode/DerivedData/Bridget-avftoqyhbqkugxekjoistukcuxwh/Build/Intermediates.noindex/Bridget.build/Debug-iphonesimulator/BridgetTests.build/Objects-normal/arm64/BridgetTests.LinkFileList (in target 'BridgetTests' from project 'Bridget')
    cd /Users/peterjemley/Documents/Developer/Bridget
    write-file /Users/peterjemley/Library/Developer/Xcode/DerivedData/Bridget-avftoqyhbqkugxekjoistukcuxwh/Build/Intermediates.noindex/Bridget.build/Debug-iphonesimulator/BridgetTests.build/Objects-normal/arm64/BridgetTests.LinkFileList

WriteAuxiliaryFile /Users/peterjemley/Library/Developer/Xcode/DerivedData/Bridget-avftoqyhbqkugxekjoistukcuxwh/Build/Intermediates.noindex/Bridget.build/Debug-iphonesimulator/BridgetTests.build/Objects-normal/arm64/BridgetTests.SwiftFileList (in target 'BridgetTests' from project 'Bridget')
    cd /Users/peterjemley/Documents/Developer/Bridget
    write-file /Users/peterjemley/Library/Developer/Xcode/DerivedData/Bridget-avftoqyhbqkugxekjoistukcuxwh/Build/Intermediates.noindex/Bridget.build/Debug-iphonesimulator/BridgetTests.build/Objects-normal/arm64/BridgetTests.SwiftFileList

WriteAuxiliaryFile /Users/peterjemley/Library/Developer/Xcode/DerivedData/Bridget-avftoqyhbqkugxekjoistukcuxwh/Build/Intermediates.noindex/Bridget.build/Debug-iphonesimulator/BridgetTests.build/Objects-normal/arm64/BridgetTests.SwiftConstValuesFileList (in target 'BridgetTests' from project 'Bridget')
    cd /Users/peterjemley/Documents/Developer/Bridget
    write-file /Users/peterjemley/Library/Developer/Xcode/DerivedData/Bridget-avftoqyhbqkugxekjoistukcuxwh/Build/Intermediates.noindex/Bridget.build/Debug-iphonesimulator/BridgetTests.build/Objects-normal/arm64/BridgetTests.SwiftConstValuesFileList

ProcessProductPackagingDER /Users/peterjemley/Library/Developer/Xcode/DerivedData/Bridget-avftoqyhbqkugxekjoistukcuxwh/Build/Intermediates.noindex/Bridget.build/Debug-iphonesimulator/BridgetUITests.build/BridgetUITests.xctest-Simulated.xcent /Users/peterjemley/Library/Developer/Xcode/DerivedData/Bridget-avftoqyhbqkugxekjoistukcuxwh/Build/Intermediates.noindex/Bridget.build/Debug-iphonesimulator/BridgetUITests.build/BridgetUITests.xctest-Simulated.xcent.der (in target 'BridgetUITests' from project 'Bridget')
    cd /Users/peterjemley/Documents/Developer/Bridget
    /usr/bin/derq query -f xml -i /Users/peterjemley/Library/Developer/Xcode/DerivedData/Bridget-avftoqyhbqkugxekjoistukcuxwh/Build/Intermediates.noindex/Bridget.build/Debug-iphonesimulator/BridgetUITests.build/BridgetUITests.xctest-Simulated.xcent -o /Users/peterjemley/Library/Developer/Xcode/DerivedData/Bridget-avftoqyhbqkugxekjoistukcuxwh/Build/Intermediates.noindex/Bridget.build/Debug-iphonesimulator/BridgetUITests.build/BridgetUITests.xctest-Simulated.xcent.der --raw

SwiftDriver BridgetTests normal arm64 com.apple.xcode.tools.swift.compiler (in target 'BridgetTests' from project 'Bridget')
    cd /Users/peterjemley/Documents/Developer/Bridget
    builtin-SwiftDriver -- /Applications/Xcode.app/Contents/Developer/Toolchains/XcodeDefault.xctoolchain/usr/bin/swiftc -module-name BridgetTests -Onone -enforce-exclusivity\=checked @/Users/peterjemley/Library/Developer/Xcode/DerivedData/Bridget-avftoqyhbqkugxekjoistukcuxwh/Build/Intermediates.noindex/Bridget.build/Debug-iphonesimulator/BridgetTests.build/Objects-normal/arm64/BridgetTests.SwiftFileList -DDEBUG -plugin-path /Applications/Xcode.app/Contents/Developer/Toolchains/XcodeDefault.xctoolchain/usr/lib/swift/host/plugins/testing -enable-bare-slash-regex -enable-experimental-feature DebugDescriptionMacro -sdk /Applications/Xcode.app/Contents/Developer/Platforms/iPhoneSimulator.platform/Developer/SDKs/iPhoneSimulator18.5.sdk -target arm64-apple-ios18.5-simulator -g -module-cache-path /Users/peterjemley/Library/Developer/Xcode/DerivedData/ModuleCache.noindex -Xfrontend -serialize-debugging-options -profile-coverage-mapping -profile-generate -enable-testing -index-store-path /Users/peterjemley/Library/Developer/Xcode/DerivedData/Bridget-avftoqyhbqkugxekjoistukcuxwh/Index.noindex/DataStore -swift-version 5 -I /Users/peterjemley/Library/Developer/Xcode/DerivedData/Bridget-avftoqyhbqkugxekjoistukcuxwh/Build/Products/Debug-iphonesimulator -I /Applications/Xcode.app/Contents/Developer/Platforms/iPhoneSimulator.platform/Developer/usr/lib -F /Users/peterjemley/Library/Developer/Xcode/DerivedData/Bridget-avftoqyhbqkugxekjoistukcuxwh/Build/Products/Debug-iphonesimulator/PackageFrameworks -F /Users/peterjemley/Library/Developer/Xcode/DerivedData/Bridget-avftoqyhbqkugxekjoistukcuxwh/Build/Products/Debug-iphonesimulator/PackageFrameworks -F /Users/peterjemley/Library/Developer/Xcode/DerivedData/Bridget-avftoqyhbqkugxekjoistukcuxwh/Build/Products/Debug-iphonesimulator/PackageFrameworks -F /Users/peterjemley/Library/Developer/Xcode/DerivedData/Bridget-avftoqyhbqkugxekjoistukcuxwh/Build/Products/Debug-iphonesimulator/PackageFrameworks -F /Users/peterjemley/Library/Developer/Xcode/DerivedData/Bridget-avftoqyhbqkugxekjoistukcuxwh/Build/Products/Debug-iphonesimulator/PackageFrameworks -F /Users/peterjemley/Library/Developer/Xcode/DerivedData/Bridget-avftoqyhbqkugxekjoistukcuxwh/Build/Products/Debug-iphonesimulator/PackageFrameworks -F /Users/peterjemley/Library/Developer/Xcode/DerivedData/Bridget-avftoqyhbqkugxekjoistukcuxwh/Build/Products/Debug-iphonesimulator/PackageFrameworks -F /Users/peterjemley/Library/Developer/Xcode/DerivedData/Bridget-avftoqyhbqkugxekjoistukcuxwh/Build/Products/Debug-iphonesimulator/PackageFrameworks -F /Users/peterjemley/Library/Developer/Xcode/DerivedData/Bridget-avftoqyhbqkugxekjoistukcuxwh/Build/Products/Debug-iphonesimulator/PackageFrameworks -F /Users/peterjemley/Library/Developer/Xcode/DerivedData/Bridget-avftoqyhbqkugxekjoistukcuxwh/Build/Products/Debug-iphonesimulator/PackageFrameworks -F /Users/peterjemley/Library/Developer/Xcode/DerivedData/Bridget-avftoqyhbqkugxekjoistukcuxwh/Build/Products/Debug-iphonesimulator -F /Applications/Xcode.app/Contents/Developer/Platforms/iPhoneSimulator.platform/Developer/Library/Frameworks -F /Applications/Xcode.app/Contents/Developer/Platforms/iPhoneSimulator.platform/Developer/SDKs/iPhoneSimulator18.5.sdk/Developer/Library/Frameworks -c -j16 -enable-batch-mode -incremental -Xcc -ivfsstatcache -Xcc /Users/peterjemley/Library/Developer/Xcode/DerivedData/SDKStatCaches.noindex/iphonesimulator18.5-22F76-d5fc8ad4295d2ef488fb7d0f804ce0c4.sdkstatcache -output-file-map /Users/peterjemley/Library/Developer/Xcode/DerivedData/Bridget-avftoqyhbqkugxekjoistukcuxwh/Build/Intermediates.noindex/Bridget.build/Debug-iphonesimulator/BridgetTests.build/Objects-normal/arm64/BridgetTests-OutputFileMap.json -use-frontend-parseable-output -save-temps -no-color-diagnostics -serialize-diagnostics -emit-dependencies -emit-module -emit-module-path /Users/peterjemley/Library/Developer/Xcode/DerivedData/Bridget-avftoqyhbqkugxekjoistukcuxwh/Build/Intermediates.noindex/Bridget.build/Debug-iphonesimulator/BridgetTests.build/Objects-normal/arm64/BridgetTests.swiftmodule -validate-clang-modules-once -clang-build-session-file /Users/peterjemley/Library/Developer/Xcode/DerivedData/ModuleCache.noindex/Session.modulevalidation -Xcc -I/Users/peterjemley/Library/Developer/Xcode/DerivedData/Bridget-avftoqyhbqkugxekjoistukcuxwh/Build/Intermediates.noindex/Bridget.build/Debug-iphonesimulator/BridgetTests.build/swift-overrides.hmap -emit-const-values -Xfrontend -const-gather-protocols-file -Xfrontend /Users/peterjemley/Library/Developer/Xcode/DerivedData/Bridget-avftoqyhbqkugxekjoistukcuxwh/Build/Intermediates.noindex/Bridget.build/Debug-iphonesimulator/BridgetTests.build/Objects-normal/arm64/BridgetTests_const_extract_protocols.json -Xcc -iquote -Xcc /Users/peterjemley/Library/Developer/Xcode/DerivedData/Bridget-avftoqyhbqkugxekjoistukcuxwh/Build/Intermediates.noindex/Bridget.build/Debug-iphonesimulator/BridgetTests.build/BridgetTests-generated-files.hmap -Xcc -I/Users/peterjemley/Library/Developer/Xcode/DerivedData/Bridget-avftoqyhbqkugxekjoistukcuxwh/Build/Intermediates.noindex/Bridget.build/Debug-iphonesimulator/BridgetTests.build/BridgetTests-own-target-headers.hmap -Xcc -I/Users/peterjemley/Library/Developer/Xcode/DerivedData/Bridget-avftoqyhbqkugxekjoistukcuxwh/Build/Intermediates.noindex/Bridget.build/Debug-iphonesimulator/BridgetTests.build/BridgetTests-all-non-framework-target-headers.hmap -Xcc -ivfsoverlay -Xcc /Users/peterjemley/Library/Developer/Xcode/DerivedData/Bridget-avftoqyhbqkugxekjoistukcuxwh/Build/Intermediates.noindex/Bridget.build/Debug-iphonesimulator/Bridget-8db4b7ce324d0ccb8b542e85f60fec93-VFS-iphonesimulator/all-product-headers.yaml -Xcc -iquote -Xcc /Users/peterjemley/Library/Developer/Xcode/DerivedData/Bridget-avftoqyhbqkugxekjoistukcuxwh/Build/Intermediates.noindex/Bridget.build/Debug-iphonesimulator/BridgetTests.build/BridgetTests-project-headers.hmap -Xcc -I/Users/peterjemley/Library/Developer/Xcode/DerivedData/Bridget-avftoqyhbqkugxekjoistukcuxwh/Build/Products/Debug-iphonesimulator/include -Xcc -I/Users/peterjemley/Library/Developer/Xcode/DerivedData/Bridget-avftoqyhbqkugxekjoistukcuxwh/Build/Intermediates.noindex/Bridget.build/Debug-iphonesimulator/BridgetTests.build/DerivedSources-normal/arm64 -Xcc -I/Users/peterjemley/Library/Developer/Xcode/DerivedData/Bridget-avftoqyhbqkugxekjoistukcuxwh/Build/Intermediates.noindex/Bridget.build/Debug-iphonesimulator/BridgetTests.build/DerivedSources/arm64 -Xcc -I/Users/peterjemley/Library/Developer/Xcode/DerivedData/Bridget-avftoqyhbqkugxekjoistukcuxwh/Build/Intermediates.noindex/Bridget.build/Debug-iphonesimulator/BridgetTests.build/DerivedSources -Xcc -DDEBUG\=1 -emit-objc-header -emit-objc-header-path /Users/peterjemley/Library/Developer/Xcode/DerivedData/Bridget-avftoqyhbqkugxekjoistukcuxwh/Build/Intermediates.noindex/Bridget.build/Debug-iphonesimulator/BridgetTests.build/Objects-normal/arm64/BridgetTests-Swift.h -working-directory /Users/peterjemley/Documents/Developer/Bridget -experimental-emit-module-separately -disable-cmo

SwiftDriver\ Compilation\ Requirements BridgetTests normal arm64 com.apple.xcode.tools.swift.compiler (in target 'BridgetTests' from project 'Bridget')
    cd /Users/peterjemley/Documents/Developer/Bridget
    builtin-Swift-Compilation-Requirements -- /Applications/Xcode.app/Contents/Developer/Toolchains/XcodeDefault.xctoolchain/usr/bin/swiftc -module-name BridgetTests -Onone -enforce-exclusivity\=checked @/Users/peterjemley/Library/Developer/Xcode/DerivedData/Bridget-avftoqyhbqkugxekjoistukcuxwh/Build/Intermediates.noindex/Bridget.build/Debug-iphonesimulator/BridgetTests.build/Objects-normal/arm64/BridgetTests.SwiftFileList -DDEBUG -plugin-path /Applications/Xcode.app/Contents/Developer/Toolchains/XcodeDefault.xctoolchain/usr/lib/swift/host/plugins/testing -enable-bare-slash-regex -enable-experimental-feature DebugDescriptionMacro -sdk /Applications/Xcode.app/Contents/Developer/Platforms/iPhoneSimulator.platform/Developer/SDKs/iPhoneSimulator18.5.sdk -target arm64-apple-ios18.5-simulator -g -module-cache-path /Users/peterjemley/Library/Developer/Xcode/DerivedData/ModuleCache.noindex -Xfrontend -serialize-debugging-options -profile-coverage-mapping -profile-generate -enable-testing -index-store-path /Users/peterjemley/Library/Developer/Xcode/DerivedData/Bridget-avftoqyhbqkugxekjoistukcuxwh/Index.noindex/DataStore -swift-version 5 -I /Users/peterjemley/Library/Developer/Xcode/DerivedData/Bridget-avftoqyhbqkugxekjoistukcuxwh/Build/Products/Debug-iphonesimulator -I /Applications/Xcode.app/Contents/Developer/Platforms/iPhoneSimulator.platform/Developer/usr/lib -F /Users/peterjemley/Library/Developer/Xcode/DerivedData/Bridget-avftoqyhbqkugxekjoistukcuxwh/Build/Products/Debug-iphonesimulator/PackageFrameworks -F /Users/peterjemley/Library/Developer/Xcode/DerivedData/Bridget-avftoqyhbqkugxekjoistukcuxwh/Build/Products/Debug-iphonesimulator/PackageFrameworks -F /Users/peterjemley/Library/Developer/Xcode/DerivedData/Bridget-avftoqyhbqkugxekjoistukcuxwh/Build/Products/Debug-iphonesimulator/PackageFrameworks -F /Users/peterjemley/Library/Developer/Xcode/DerivedData/Bridget-avftoqyhbqkugxekjoistukcuxwh/Build/Products/Debug-iphonesimulator/PackageFrameworks -F /Users/peterjemley/Library/Developer/Xcode/DerivedData/Bridget-avftoqyhbqkugxekjoistukcuxwh/Build/Products/Debug-iphonesimulator/PackageFrameworks -F /Users/peterjemley/Library/Developer/Xcode/DerivedData/Bridget-avftoqyhbqkugxekjoistukcuxwh/Build/Products/Debug-iphonesimulator/PackageFrameworks -F /Users/peterjemley/Library/Developer/Xcode/DerivedData/Bridget-avftoqyhbqkugxekjoistukcuxwh/Build/Products/Debug-iphonesimulator/PackageFrameworks -F /Users/peterjemley/Library/Developer/Xcode/DerivedData/Bridget-avftoqyhbqkugxekjoistukcuxwh/Build/Products/Debug-iphonesimulator/PackageFrameworks -F /Users/peterjemley/Library/Developer/Xcode/DerivedData/Bridget-avftoqyhbqkugxekjoistukcuxwh/Build/Products/Debug-iphonesimulator/PackageFrameworks -F /Users/peterjemley/Library/Developer/Xcode/DerivedData/Bridget-avftoqyhbqkugxekjoistukcuxwh/Build/Products/Debug-iphonesimulator/PackageFrameworks -F /Users/peterjemley/Library/Developer/Xcode/DerivedData/Bridget-avftoqyhbqkugxekjoistukcuxwh/Build/Products/Debug-iphonesimulator -F /Applications/Xcode.app/Contents/Developer/Platforms/iPhoneSimulator.platform/Developer/Library/Frameworks -F /Applications/Xcode.app/Contents/Developer/Platforms/iPhoneSimulator.platform/Developer/SDKs/iPhoneSimulator18.5.sdk/Developer/Library/Frameworks -c -j16 -enable-batch-mode -incremental -Xcc -ivfsstatcache -Xcc /Users/peterjemley/Library/Developer/Xcode/DerivedData/SDKStatCaches.noindex/iphonesimulator18.5-22F76-d5fc8ad4295d2ef488fb7d0f804ce0c4.sdkstatcache -output-file-map /Users/peterjemley/Library/Developer/Xcode/DerivedData/Bridget-avftoqyhbqkugxekjoistukcuxwh/Build/Intermediates.noindex/Bridget.build/Debug-iphonesimulator/BridgetTests.build/Objects-normal/arm64/BridgetTests-OutputFileMap.json -use-frontend-parseable-output -save-temps -no-color-diagnostics -serialize-diagnostics -emit-dependencies -emit-module -emit-module-path /Users/peterjemley/Library/Developer/Xcode/DerivedData/Bridget-avftoqyhbqkugxekjoistukcuxwh/Build/Intermediates.noindex/Bridget.build/Debug-iphonesimulator/BridgetTests.build/Objects-normal/arm64/BridgetTests.swiftmodule -validate-clang-modules-once -clang-build-session-file /Users/peterjemley/Library/Developer/Xcode/DerivedData/ModuleCache.noindex/Session.modulevalidation -Xcc -I/Users/peterjemley/Library/Developer/Xcode/DerivedData/Bridget-avftoqyhbqkugxekjoistukcuxwh/Build/Intermediates.noindex/Bridget.build/Debug-iphonesimulator/BridgetTests.build/swift-overrides.hmap -emit-const-values -Xfrontend -const-gather-protocols-file -Xfrontend /Users/peterjemley/Library/Developer/Xcode/DerivedData/Bridget-avftoqyhbqkugxekjoistukcuxwh/Build/Intermediates.noindex/Bridget.build/Debug-iphonesimulator/BridgetTests.build/Objects-normal/arm64/BridgetTests_const_extract_protocols.json -Xcc -iquote -Xcc /Users/peterjemley/Library/Developer/Xcode/DerivedData/Bridget-avftoqyhbqkugxekjoistukcuxwh/Build/Intermediates.noindex/Bridget.build/Debug-iphonesimulator/BridgetTests.build/BridgetTests-generated-files.hmap -Xcc -I/Users/peterjemley/Library/Developer/Xcode/DerivedData/Bridget-avftoqyhbqkugxekjoistukcuxwh/Build/Intermediates.noindex/Bridget.build/Debug-iphonesimulator/BridgetTests.build/BridgetTests-own-target-headers.hmap -Xcc -I/Users/peterjemley/Library/Developer/Xcode/DerivedData/Bridget-avftoqyhbqkugxekjoistukcuxwh/Build/Intermediates.noindex/Bridget.build/Debug-iphonesimulator/BridgetTests.build/BridgetTests-all-non-framework-target-headers.hmap -Xcc -ivfsoverlay -Xcc /Users/peterjemley/Library/Developer/Xcode/DerivedData/Bridget-avftoqyhbqkugxekjoistukcuxwh/Build/Intermediates.noindex/Bridget.build/Debug-iphonesimulator/Bridget-8db4b7ce324d0ccb8b542e85f60fec93-VFS-iphonesimulator/all-product-headers.yaml -Xcc -iquote -Xcc /Users/peterjemley/Library/Developer/Xcode/DerivedData/Bridget-avftoqyhbqkugxekjoistukcuxwh/Build/Intermediates.noindex/Bridget.build/Debug-iphonesimulator/BridgetTests.build/BridgetTests-project-headers.hmap -Xcc -I/Users/peterjemley/Library/Developer/Xcode/DerivedData/Bridget-avftoqyhbqkugxekjoistukcuxwh/Build/Products/Debug-iphonesimulator/include -Xcc -I/Users/peterjemley/Library/Developer/Xcode/DerivedData/Bridget-avftoqyhbqkugxekjoistukcuxwh/Build/Intermediates.noindex/Bridget.build/Debug-iphonesimulator/BridgetTests.build/DerivedSources-normal/arm64 -Xcc -I/Users/peterjemley/Library/Developer/Xcode/DerivedData/Bridget-avftoqyhbqkugxekjoistukcuxwh/Build/Intermediates.noindex/Bridget.build/Debug-iphonesimulator/BridgetTests.build/DerivedSources/arm64 -Xcc -I/Users/peterjemley/Library/Developer/Xcode/DerivedData/Bridget-avftoqyhbqkugxekjoistukcuxwh/Build/Intermediates.noindex/Bridget.build/Debug-iphonesimulator/BridgetTests.build/DerivedSources -Xcc -DDEBUG\=1 -emit-objc-header -emit-objc-header-path /Users/peterjemley/Library/Developer/Xcode/DerivedData/Bridget-avftoqyhbqkugxekjoistukcuxwh/Build/Intermediates.noindex/Bridget.build/Debug-iphonesimulator/BridgetTests.build/Objects-normal/arm64/BridgetTests-Swift.h -working-directory /Users/peterjemley/Documents/Developer/Bridget -experimental-emit-module-separately -disable-cmo

SwiftDriver\ Compilation BridgetTests normal arm64 com.apple.xcode.tools.swift.compiler (in target 'BridgetTests' from project 'Bridget')
    cd /Users/peterjemley/Documents/Developer/Bridget
    builtin-Swift-Compilation -- /Applications/Xcode.app/Contents/Developer/Toolchains/XcodeDefault.xctoolchain/usr/bin/swiftc -module-name BridgetTests -Onone -enforce-exclusivity\=checked @/Users/peterjemley/Library/Developer/Xcode/DerivedData/Bridget-avftoqyhbqkugxekjoistukcuxwh/Build/Intermediates.noindex/Bridget.build/Debug-iphonesimulator/BridgetTests.build/Objects-normal/arm64/BridgetTests.SwiftFileList -DDEBUG -plugin-path /Applications/Xcode.app/Contents/Developer/Toolchains/XcodeDefault.xctoolchain/usr/lib/swift/host/plugins/testing -enable-bare-slash-regex -enable-experimental-feature DebugDescriptionMacro -sdk /Applications/Xcode.app/Contents/Developer/Platforms/iPhoneSimulator.platform/Developer/SDKs/iPhoneSimulator18.5.sdk -target arm64-apple-ios18.5-simulator -g -module-cache-path /Users/peterjemley/Library/Developer/Xcode/DerivedData/ModuleCache.noindex -Xfrontend -serialize-debugging-options -profile-coverage-mapping -profile-generate -enable-testing -index-store-path /Users/peterjemley/Library/Developer/Xcode/DerivedData/Bridget-avftoqyhbqkugxekjoistukcuxwh/Index.noindex/DataStore -swift-version 5 -I /Users/peterjemley/Library/Developer/Xcode/DerivedData/Bridget-avftoqyhbqkugxekjoistukcuxwh/Build/Products/Debug-iphonesimulator -I /Applications/Xcode.app/Contents/Developer/Platforms/iPhoneSimulator.platform/Developer/usr/lib -F /Users/peterjemley/Library/Developer/Xcode/DerivedData/Bridget-avftoqyhbqkugxekjoistukcuxwh/Build/Products/Debug-iphonesimulator/PackageFrameworks -F /Users/peterjemley/Library/Developer/Xcode/DerivedData/Bridget-avftoqyhbqkugxekjoistukcuxwh/Build/Products/Debug-iphonesimulator/PackageFrameworks -F /Users/peterjemley/Library/Developer/Xcode/DerivedData/Bridget-avftoqyhbqkugxekjoistukcuxwh/Build/Products/Debug-iphonesimulator/PackageFrameworks -F /Users/peterjemley/Library/Developer/Xcode/DerivedData/Bridget-avftoqyhbqkugxekjoistukcuxwh/Build/Products/Debug-iphonesimulator/PackageFrameworks -F /Users/peterjemley/Library/Developer/Xcode/DerivedData/Bridget-avftoqyhbqkugxekjoistukcuxwh/Build/Products/Debug-iphonesimulator/PackageFrameworks -F /Users/peterjemley/Library/Developer/Xcode/DerivedData/Bridget-avftoqyhbqkugxekjoistukcuxwh/Build/Products/Debug-iphonesimulator/PackageFrameworks -F /Users/peterjemley/Library/Developer/Xcode/DerivedData/Bridget-avftoqyhbqkugxekjoistukcuxwh/Build/Products/Debug-iphonesimulator/PackageFrameworks -F /Users/peterjemley/Library/Developer/Xcode/DerivedData/Bridget-avftoqyhbqkugxekjoistukcuxwh/Build/Products/Debug-iphonesimulator/PackageFrameworks -F /Users/peterjemley/Library/Developer/Xcode/DerivedData/Bridget-avftoqyhbqkugxekjoistukcuxwh/Build/Products/Debug-iphonesimulator/PackageFrameworks -F /Users/peterjemley/Library/Developer/Xcode/DerivedData/Bridget-avftoqyhbqkugxekjoistukcuxwh/Build/Products/Debug-iphonesimulator/PackageFrameworks -F /Users/peterjemley/Library/Developer/Xcode/DerivedData/Bridget-avftoqyhbqkugxekjoistukcuxwh/Build/Products/Debug-iphonesimulator -F /Applications/Xcode.app/Contents/Developer/Platforms/iPhoneSimulator.platform/Developer/Library/Frameworks -F /Applications/Xcode.app/Contents/Developer/Platforms/iPhoneSimulator.platform/Developer/SDKs/iPhoneSimulator18.5.sdk/Developer/Library/Frameworks -c -j16 -enable-batch-mode -incremental -Xcc -ivfsstatcache -Xcc /Users/peterjemley/Library/Developer/Xcode/DerivedData/SDKStatCaches.noindex/iphonesimulator18.5-22F76-d5fc8ad4295d2ef488fb7d0f804ce0c4.sdkstatcache -output-file-map /Users/peterjemley/Library/Developer/Xcode/DerivedData/Bridget-avftoqyhbqkugxekjoistukcuxwh/Build/Intermediates.noindex/Bridget.build/Debug-iphonesimulator/BridgetTests.build/Objects-normal/arm64/BridgetTests-OutputFileMap.json -use-frontend-parseable-output -save-temps -no-color-diagnostics -serialize-diagnostics -emit-dependencies -emit-module -emit-module-path /Users/peterjemley/Library/Developer/Xcode/DerivedData/Bridget-avftoqyhbqkugxekjoistukcuxwh/Build/Intermediates.noindex/Bridget.build/Debug-iphonesimulator/BridgetTests.build/Objects-normal/arm64/BridgetTests.swiftmodule -validate-clang-modules-once -clang-build-session-file /Users/peterjemley/Library/Developer/Xcode/DerivedData/ModuleCache.noindex/Session.modulevalidation -Xcc -I/Users/peterjemley/Library/Developer/Xcode/DerivedData/Bridget-avftoqyhbqkugxekjoistukcuxwh/Build/Intermediates.noindex/Bridget.build/Debug-iphonesimulator/BridgetTests.build/swift-overrides.hmap -emit-const-values -Xfrontend -const-gather-protocols-file -Xfrontend /Users/peterjemley/Library/Developer/Xcode/DerivedData/Bridget-avftoqyhbqkugxekjoistukcuxwh/Build/Intermediates.noindex/Bridget.build/Debug-iphonesimulator/BridgetTests.build/Objects-normal/arm64/BridgetTests_const_extract_protocols.json -Xcc -iquote -Xcc /Users/peterjemley/Library/Developer/Xcode/DerivedData/Bridget-avftoqyhbqkugxekjoistukcuxwh/Build/Intermediates.noindex/Bridget.build/Debug-iphonesimulator/BridgetTests.build/BridgetTests-generated-files.hmap -Xcc -I/Users/peterjemley/Library/Developer/Xcode/DerivedData/Bridget-avftoqyhbqkugxekjoistukcuxwh/Build/Intermediates.noindex/Bridget.build/Debug-iphonesimulator/BridgetTests.build/BridgetTests-own-target-headers.hmap -Xcc -I/Users/peterjemley/Library/Developer/Xcode/DerivedData/Bridget-avftoqyhbqkugxekjoistukcuxwh/Build/Intermediates.noindex/Bridget.build/Debug-iphonesimulator/BridgetTests.build/BridgetTests-all-non-framework-target-headers.hmap -Xcc -ivfsoverlay -Xcc /Users/peterjemley/Library/Developer/Xcode/DerivedData/Bridget-avftoqyhbqkugxekjoistukcuxwh/Build/Intermediates.noindex/Bridget.build/Debug-iphonesimulator/Bridget-8db4b7ce324d0ccb8b542e85f60fec93-VFS-iphonesimulator/all-product-headers.yaml -Xcc -iquote -Xcc /Users/peterjemley/Library/Developer/Xcode/DerivedData/Bridget-avftoqyhbqkugxekjoistukcuxwh/Build/Intermediates.noindex/Bridget.build/Debug-iphonesimulator/BridgetTests.build/BridgetTests-project-headers.hmap -Xcc -I/Users/peterjemley/Library/Developer/Xcode/DerivedData/Bridget-avftoqyhbqkugxekjoistukcuxwh/Build/Products/Debug-iphonesimulator/include -Xcc -I/Users/peterjemley/Library/Developer/Xcode/DerivedData/Bridget-avftoqyhbqkugxekjoistukcuxwh/Build/Intermediates.noindex/Bridget.build/Debug-iphonesimulator/BridgetTests.build/DerivedSources-normal/arm64 -Xcc -I/Users/peterjemley/Library/Developer/Xcode/DerivedData/Bridget-avftoqyhbqkugxekjoistukcuxwh/Build/Intermediates.noindex/Bridget.build/Debug-iphonesimulator/BridgetTests.build/DerivedSources/arm64 -Xcc -I/Users/peterjemley/Library/Developer/Xcode/DerivedData/Bridget-avftoqyhbqkugxekjoistukcuxwh/Build/Intermediates.noindex/Bridget.build/Debug-iphonesimulator/BridgetTests.build/DerivedSources -Xcc -DDEBUG\=1 -emit-objc-header -emit-objc-header-path /Users/peterjemley/Library/Developer/Xcode/DerivedData/Bridget-avftoqyhbqkugxekjoistukcuxwh/Build/Intermediates.noindex/Bridget.build/Debug-iphonesimulator/BridgetTests.build/Objects-normal/arm64/BridgetTests-Swift.h -working-directory /Users/peterjemley/Documents/Developer/Bridget -experimental-emit-module-separately -disable-cmo

ProcessInfoPlistFile /Users/peterjemley/Library/Developer/Xcode/DerivedData/Bridget-avftoqyhbqkugxekjoistukcuxwh/Build/Products/Debug-iphonesimulator/Bridget.app/PlugIns/BridgetTests.xctest/Info.plist /Users/peterjemley/Library/Developer/Xcode/DerivedData/Bridget-avftoqyhbqkugxekjoistukcuxwh/Build/Intermediates.noindex/Bridget.build/Debug-iphonesimulator/BridgetTests.build/empty-BridgetTests.plist (in target 'BridgetTests' from project 'Bridget')
    cd /Users/peterjemley/Documents/Developer/Bridget
    builtin-infoPlistUtility /Users/peterjemley/Library/Developer/Xcode/DerivedData/Bridget-avftoqyhbqkugxekjoistukcuxwh/Build/Intermediates.noindex/Bridget.build/Debug-iphonesimulator/BridgetTests.build/empty-BridgetTests.plist -producttype com.apple.product-type.bundle.unit-test -expandbuildsettings -format binary -platform iphonesimulator -o /Users/peterjemley/Library/Developer/Xcode/DerivedData/Bridget-avftoqyhbqkugxekjoistukcuxwh/Build/Products/Debug-iphonesimulator/Bridget.app/PlugIns/BridgetTests.xctest/Info.plist

Ld /Users/peterjemley/Library/Developer/Xcode/DerivedData/Bridget-avftoqyhbqkugxekjoistukcuxwh/Build/Products/Debug-iphonesimulator/Bridget.app/PlugIns/BridgetTests.xctest/BridgetTests normal (in target 'BridgetTests' from project 'Bridget')
    cd /Users/peterjemley/Documents/Developer/Bridget
    /Applications/Xcode.app/Contents/Developer/Toolchains/XcodeDefault.xctoolchain/usr/bin/clang -Xlinker -reproducible -target arm64-apple-ios18.5-simulator -bundle -isysroot /Applications/Xcode.app/Contents/Developer/Platforms/iPhoneSimulator.platform/Developer/SDKs/iPhoneSimulator18.5.sdk -O0 -L/Users/peterjemley/Library/Developer/Xcode/DerivedData/Bridget-avftoqyhbqkugxekjoistukcuxwh/Build/Intermediates.noindex/EagerLinkingTBDs/Debug-iphonesimulator -L/Users/peterjemley/Library/Developer/Xcode/DerivedData/Bridget-avftoqyhbqkugxekjoistukcuxwh/Build/Products/Debug-iphonesimulator -L/Applications/Xcode.app/Contents/Developer/Platforms/iPhoneSimulator.platform/Developer/usr/lib -F/Users/peterjemley/Library/Developer/Xcode/DerivedData/Bridget-avftoqyhbqkugxekjoistukcuxwh/Build/Intermediates.noindex/EagerLinkingTBDs/Debug-iphonesimulator -F/Users/peterjemley/Library/Developer/Xcode/DerivedData/Bridget-avftoqyhbqkugxekjoistukcuxwh/Build/Products/Debug-iphonesimulator/PackageFrameworks -F/Users/peterjemley/Library/Developer/Xcode/DerivedData/Bridget-avftoqyhbqkugxekjoistukcuxwh/Build/Products/Debug-iphonesimulator/PackageFrameworks -F/Users/peterjemley/Library/Developer/Xcode/DerivedData/Bridget-avftoqyhbqkugxekjoistukcuxwh/Build/Products/Debug-iphonesimulator/PackageFrameworks -F/Users/peterjemley/Library/Developer/Xcode/DerivedData/Bridget-avftoqyhbqkugxekjoistukcuxwh/Build/Products/Debug-iphonesimulator/PackageFrameworks -F/Users/peterjemley/Library/Developer/Xcode/DerivedData/Bridget-avftoqyhbqkugxekjoistukcuxwh/Build/Products/Debug-iphonesimulator/PackageFrameworks -F/Users/peterjemley/Library/Developer/Xcode/DerivedData/Bridget-avftoqyhbqkugxekjoistukcuxwh/Build/Products/Debug-iphonesimulator/PackageFrameworks -F/Users/peterjemley/Library/Developer/Xcode/DerivedData/Bridget-avftoqyhbqkugxekjoistukcuxwh/Build/Products/Debug-iphonesimulator/PackageFrameworks -F/Users/peterjemley/Library/Developer/Xcode/DerivedData/Bridget-avftoqyhbqkugxekjoistukcuxwh/Build/Products/Debug-iphonesimulator/PackageFrameworks -F/Users/peterjemley/Library/Developer/Xcode/DerivedData/Bridget-avftoqyhbqkugxekjoistukcuxwh/Build/Products/Debug-iphonesimulator/PackageFrameworks -F/Users/peterjemley/Library/Developer/Xcode/DerivedData/Bridget-avftoqyhbqkugxekjoistukcuxwh/Build/Products/Debug-iphonesimulator/PackageFrameworks -F/Users/peterjemley/Library/Developer/Xcode/DerivedData/Bridget-avftoqyhbqkugxekjoistukcuxwh/Build/Products/Debug-iphonesimulator -iframework /Applications/Xcode.app/Contents/Developer/Platforms/iPhoneSimulator.platform/Developer/Library/Frameworks -iframework /Applications/Xcode.app/Contents/Developer/Platforms/iPhoneSimulator.platform/Developer/SDKs/iPhoneSimulator18.5.sdk/Developer/Library/Frameworks -filelist /Users/peterjemley/Library/Developer/Xcode/DerivedData/Bridget-avftoqyhbqkugxekjoistukcuxwh/Build/Intermediates.noindex/Bridget.build/Debug-iphonesimulator/BridgetTests.build/Objects-normal/arm64/BridgetTests.LinkFileList -Xlinker -rpath -Xlinker /Users/peterjemley/Library/Developer/Xcode/DerivedData/Bridget-avftoqyhbqkugxekjoistukcuxwh/Build/Products/Debug-iphonesimulator/PackageFrameworks -Xlinker -rpath -Xlinker @loader_path/Frameworks -Xlinker -rpath -Xlinker @executable_path/Frameworks -dead_strip -bundle_loader /Users/peterjemley/Library/Developer/Xcode/DerivedData/Bridget-avftoqyhbqkugxekjoistukcuxwh/Build/Products/Debug-iphonesimulator/Bridget.app/Bridget -Xlinker -object_path_lto -Xlinker /Users/peterjemley/Library/Developer/Xcode/DerivedData/Bridget-avftoqyhbqkugxekjoistukcuxwh/Build/Intermediates.noindex/Bridget.build/Debug-iphonesimulator/BridgetTests.build/Objects-normal/arm64/BridgetTests_lto.o -rdynamic -Xlinker -no_deduplicate -Xlinker -objc_abi_version -Xlinker 2 -Xlinker -debug_variant -Xlinker -dependency_info -Xlinker /Users/peterjemley/Library/Developer/Xcode/DerivedData/Bridget-avftoqyhbqkugxekjoistukcuxwh/Build/Intermediates.noindex/Bridget.build/Debug-iphonesimulator/BridgetTests.build/Objects-normal/arm64/BridgetTests_dependency_info.dat -fobjc-link-runtime -fprofile-instr-generate -L/Applications/Xcode.app/Contents/Developer/Toolchains/XcodeDefault.xctoolchain/usr/lib/swift/iphonesimulator -L/usr/lib/swift -Xlinker -add_ast_path -Xlinker /Users/peterjemley/Library/Developer/Xcode/DerivedData/Bridget-avftoqyhbqkugxekjoistukcuxwh/Build/Intermediates.noindex/Bridget.build/Debug-iphonesimulator/BridgetTests.build/Objects-normal/arm64/BridgetTests.swiftmodule -Wl,-no_warn_duplicate_libraries -Wl,-no_warn_duplicate_libraries -Wl,-no_warn_duplicate_libraries -Wl,-no_warn_duplicate_libraries -Wl,-no_warn_duplicate_libraries -Wl,-no_warn_duplicate_libraries -Wl,-no_warn_duplicate_libraries -Wl,-no_warn_duplicate_libraries -Wl,-no_warn_duplicate_libraries -Wl,-no_warn_duplicate_libraries -framework XCTest -lXCTestSwiftSupport /Users/peterjemley/Library/Developer/Xcode/DerivedData/Bridget-avftoqyhbqkugxekjoistukcuxwh/Build/Products/Debug-iphonesimulator/Bridget.app/Bridget.debug.dylib -Xlinker -no_adhoc_codesign -o /Users/peterjemley/Library/Developer/Xcode/DerivedData/Bridget-avftoqyhbqkugxekjoistukcuxwh/Build/Products/Debug-iphonesimulator/Bridget.app/PlugIns/BridgetTests.xctest/BridgetTests

CopySwiftLibs /Users/peterjemley/Library/Developer/Xcode/DerivedData/Bridget-avftoqyhbqkugxekjoistukcuxwh/Build/Products/Debug-iphonesimulator/Bridget.app/PlugIns/BridgetTests.xctest (in target 'BridgetTests' from project 'Bridget')
    cd /Users/peterjemley/Documents/Developer/Bridget
    builtin-swiftStdLibTool --copy --verbose --sign - --scan-executable /Users/peterjemley/Library/Developer/Xcode/DerivedData/Bridget-avftoqyhbqkugxekjoistukcuxwh/Build/Products/Debug-iphonesimulator/Bridget.app/PlugIns/BridgetTests.xctest/BridgetTests --scan-folder /Users/peterjemley/Library/Developer/Xcode/DerivedData/Bridget-avftoqyhbqkugxekjoistukcuxwh/Build/Products/Debug-iphonesimulator/Bridget.app/PlugIns/BridgetTests.xctest/Frameworks --scan-folder /Users/peterjemley/Library/Developer/Xcode/DerivedData/Bridget-avftoqyhbqkugxekjoistukcuxwh/Build/Products/Debug-iphonesimulator/Bridget.app/PlugIns/BridgetTests.xctest/PlugIns --scan-folder /Users/peterjemley/Library/Developer/Xcode/DerivedData/Bridget-avftoqyhbqkugxekjoistukcuxwh/Build/Products/Debug-iphonesimulator/Bridget.app/PlugIns/BridgetTests.xctest/SystemExtensions --scan-folder /Users/peterjemley/Library/Developer/Xcode/DerivedData/Bridget-avftoqyhbqkugxekjoistukcuxwh/Build/Products/Debug-iphonesimulator/Bridget.app/PlugIns/BridgetTests.xctest/Extensions --platform iphonesimulator --toolchain /Applications/Xcode.app/Contents/Developer/Toolchains/XcodeDefault.xctoolchain --destination /Users/peterjemley/Library/Developer/Xcode/DerivedData/Bridget-avftoqyhbqkugxekjoistukcuxwh/Build/Products/Debug-iphonesimulator/Bridget.app/PlugIns/BridgetTests.xctest/Frameworks --strip-bitcode --scan-executable /Applications/Xcode.app/Contents/Developer/Platforms/iPhoneSimulator.platform/Developer/usr/lib/libXCTestSwiftSupport.dylib --strip-bitcode-tool /Applications/Xcode.app/Contents/Developer/Toolchains/XcodeDefault.xctoolchain/usr/bin/bitcode_strip --emit-dependency-info /Users/peterjemley/Library/Developer/Xcode/DerivedData/Bridget-avftoqyhbqkugxekjoistukcuxwh/Build/Intermediates.noindex/Bridget.build/Debug-iphonesimulator/BridgetTests.build/SwiftStdLibToolInputDependencies.dep --filter-for-swift-os

ExtractAppIntentsMetadata (in target 'BridgetTests' from project 'Bridget')
    cd /Users/peterjemley/Documents/Developer/Bridget
    /Applications/Xcode.app/Contents/Developer/Toolchains/XcodeDefault.xctoolchain/usr/bin/appintentsmetadataprocessor --toolchain-dir /Applications/Xcode.app/Contents/Developer/Toolchains/XcodeDefault.xctoolchain --module-name BridgetTests --sdk-root /Applications/Xcode.app/Contents/Developer/Platforms/iPhoneSimulator.platform/Developer/SDKs/iPhoneSimulator18.5.sdk --xcode-version 16F6 --platform-family iOS --deployment-target 18.5 --bundle-identifier com.peterjemley.BridgetTests --output /Users/peterjemley/Library/Developer/Xcode/DerivedData/Bridget-avftoqyhbqkugxekjoistukcuxwh/Build/Products/Debug-iphonesimulator/Bridget.app/PlugIns/BridgetTests.xctest --target-triple arm64-apple-ios18.5-simulator --binary-file /Users/peterjemley/Library/Developer/Xcode/DerivedData/Bridget-avftoqyhbqkugxekjoistukcuxwh/Build/Products/Debug-iphonesimulator/Bridget.app/PlugIns/BridgetTests.xctest/BridgetTests --dependency-file /Users/peterjemley/Library/Developer/Xcode/DerivedData/Bridget-avftoqyhbqkugxekjoistukcuxwh/Build/Intermediates.noindex/Bridget.build/Debug-iphonesimulator/BridgetTests.build/Objects-normal/arm64/BridgetTests_dependency_info.dat --stringsdata-file /Users/peterjemley/Library/Developer/Xcode/DerivedData/Bridget-avftoqyhbqkugxekjoistukcuxwh/Build/Intermediates.noindex/Bridget.build/Debug-iphonesimulator/BridgetTests.build/Objects-normal/arm64/ExtractedAppShortcutsMetadata.stringsdata --source-file-list /Users/peterjemley/Library/Developer/Xcode/DerivedData/Bridget-avftoqyhbqkugxekjoistukcuxwh/Build/Intermediates.noindex/Bridget.build/Debug-iphonesimulator/BridgetTests.build/Objects-normal/arm64/BridgetTests.SwiftFileList --metadata-file-list /Users/peterjemley/Library/Developer/Xcode/DerivedData/Bridget-avftoqyhbqkugxekjoistukcuxwh/Build/Intermediates.noindex/Bridget.build/Debug-iphonesimulator/BridgetTests.build/BridgetTests.DependencyMetadataFileList --static-metadata-file-list /Users/peterjemley/Library/Developer/Xcode/DerivedData/Bridget-avftoqyhbqkugxekjoistukcuxwh/Build/Intermediates.noindex/Bridget.build/Debug-iphonesimulator/BridgetTests.build/BridgetTests.DependencyStaticMetadataFileList --swift-const-vals-list /Users/peterjemley/Library/Developer/Xcode/DerivedData/Bridget-avftoqyhbqkugxekjoistukcuxwh/Build/Intermediates.noindex/Bridget.build/Debug-iphonesimulator/BridgetTests.build/Objects-normal/arm64/BridgetTests.SwiftConstValuesFileList --compile-time-extraction --deployment-aware-processing --validate-assistant-intents --no-app-shortcuts-localization
2025-07-15 18:12:27.212 appintentsmetadataprocessor[56315:841274] Starting appintentsmetadataprocessor export
2025-07-15 18:12:27.213 appintentsmetadataprocessor[56315:841274] warning: Metadata extraction skipped. No AppIntents.framework dependency found.

CodeSign /Users/peterjemley/Library/Developer/Xcode/DerivedData/Bridget-avftoqyhbqkugxekjoistukcuxwh/Build/Products/Debug-iphonesimulator/Bridget.app/PlugIns/BridgetTests.xctest (in target 'BridgetTests' from project 'Bridget')
    cd /Users/peterjemley/Documents/Developer/Bridget
    
    Signing Identity:     "Sign to Run Locally"
    
    /usr/bin/codesign --force --sign - --timestamp\=none --generate-entitlement-der /Users/peterjemley/Library/Developer/Xcode/DerivedData/Bridget-avftoqyhbqkugxekjoistukcuxwh/Build/Products/Debug-iphonesimulator/Bridget.app/PlugIns/BridgetTests.xctest

CodeSign /Users/peterjemley/Library/Developer/Xcode/DerivedData/Bridget-avftoqyhbqkugxekjoistukcuxwh/Build/Products/Debug-iphonesimulator/Bridget.app/Bridget.debug.dylib (in target 'Bridget' from project 'Bridget')
    cd /Users/peterjemley/Documents/Developer/Bridget
    
    Signing Identity:     "Sign to Run Locally"
    
    /usr/bin/codesign --force --sign - --timestamp\=none --generate-entitlement-der /Users/peterjemley/Library/Developer/Xcode/DerivedData/Bridget-avftoqyhbqkugxekjoistukcuxwh/Build/Products/Debug-iphonesimulator/Bridget.app/Bridget.debug.dylib

CodeSign /Users/peterjemley/Library/Developer/Xcode/DerivedData/Bridget-avftoqyhbqkugxekjoistukcuxwh/Build/Products/Debug-iphonesimulator/Bridget.app/__preview.dylib (in target 'Bridget' from project 'Bridget')
    cd /Users/peterjemley/Documents/Developer/Bridget
    
    Signing Identity:     "Sign to Run Locally"
    
    /usr/bin/codesign --force --sign - --timestamp\=none --generate-entitlement-der /Users/peterjemley/Library/Developer/Xcode/DerivedData/Bridget-avftoqyhbqkugxekjoistukcuxwh/Build/Products/Debug-iphonesimulator/Bridget.app/__preview.dylib
/Users/peterjemley/Library/Developer/Xcode/DerivedData/Bridget-avftoqyhbqkugxekjoistukcuxwh/Build/Products/Debug-iphonesimulator/Bridget.app/__preview.dylib: replacing existing signature

CodeSign /Users/peterjemley/Library/Developer/Xcode/DerivedData/Bridget-avftoqyhbqkugxekjoistukcuxwh/Build/Products/Debug-iphonesimulator/Bridget.app (in target 'Bridget' from project 'Bridget')
    cd /Users/peterjemley/Documents/Developer/Bridget
    
    Signing Identity:     "Sign to Run Locally"
    
    /usr/bin/codesign --force --sign - --timestamp\=none --generate-entitlement-der /Users/peterjemley/Library/Developer/Xcode/DerivedData/Bridget-avftoqyhbqkugxekjoistukcuxwh/Build/Products/Debug-iphonesimulator/Bridget.app

Validate /Users/peterjemley/Library/Developer/Xcode/DerivedData/Bridget-avftoqyhbqkugxekjoistukcuxwh/Build/Products/Debug-iphonesimulator/Bridget.app (in target 'Bridget' from project 'Bridget')
    cd /Users/peterjemley/Documents/Developer/Bridget
    builtin-validationUtility /Users/peterjemley/Library/Developer/Xcode/DerivedData/Bridget-avftoqyhbqkugxekjoistukcuxwh/Build/Products/Debug-iphonesimulator/Bridget.app -infoplist-subpath Info.plist

Ld /Users/peterjemley/Library/Developer/Xcode/DerivedData/Bridget-avftoqyhbqkugxekjoistukcuxwh/Build/Products/Debug-iphonesimulator/BridgetUITests-Runner.app/PlugIns/BridgetUITests.xctest/BridgetUITests normal (in target 'BridgetUITests' from project 'Bridget')
    cd /Users/peterjemley/Documents/Developer/Bridget
    /Applications/Xcode.app/Contents/Developer/Toolchains/XcodeDefault.xctoolchain/usr/bin/clang -Xlinker -reproducible -target arm64-apple-ios18.5-simulator -bundle -isysroot /Applications/Xcode.app/Contents/Developer/Platforms/iPhoneSimulator.platform/Developer/SDKs/iPhoneSimulator18.5.sdk -O0 -L/Users/peterjemley/Library/Developer/Xcode/DerivedData/Bridget-avftoqyhbqkugxekjoistukcuxwh/Build/Intermediates.noindex/EagerLinkingTBDs/Debug-iphonesimulator -L/Users/peterjemley/Library/Developer/Xcode/DerivedData/Bridget-avftoqyhbqkugxekjoistukcuxwh/Build/Products/Debug-iphonesimulator -L/Applications/Xcode.app/Contents/Developer/Platforms/iPhoneSimulator.platform/Developer/usr/lib -F/Users/peterjemley/Library/Developer/Xcode/DerivedData/Bridget-avftoqyhbqkugxekjoistukcuxwh/Build/Intermediates.noindex/EagerLinkingTBDs/Debug-iphonesimulator -F/Users/peterjemley/Library/Developer/Xcode/DerivedData/Bridget-avftoqyhbqkugxekjoistukcuxwh/Build/Products/Debug-iphonesimulator -iframework /Applications/Xcode.app/Contents/Developer/Platforms/iPhoneSimulator.platform/Developer/Library/Frameworks -iframework /Applications/Xcode.app/Contents/Developer/Platforms/iPhoneSimulator.platform/Developer/SDKs/iPhoneSimulator18.5.sdk/Developer/Library/Frameworks -filelist /Users/peterjemley/Library/Developer/Xcode/DerivedData/Bridget-avftoqyhbqkugxekjoistukcuxwh/Build/Intermediates.noindex/Bridget.build/Debug-iphonesimulator/BridgetUITests.build/Objects-normal/arm64/BridgetUITests.LinkFileList -Xlinker -rpath -Xlinker @loader_path/Frameworks -dead_strip -Xlinker -object_path_lto -Xlinker /Users/peterjemley/Library/Developer/Xcode/DerivedData/Bridget-avftoqyhbqkugxekjoistukcuxwh/Build/Intermediates.noindex/Bridget.build/Debug-iphonesimulator/BridgetUITests.build/Objects-normal/arm64/BridgetUITests_lto.o -rdynamic -Xlinker -no_deduplicate -Xlinker -objc_abi_version -Xlinker 2 -Xlinker -debug_variant -Xlinker -dependency_info -Xlinker /Users/peterjemley/Library/Developer/Xcode/DerivedData/Bridget-avftoqyhbqkugxekjoistukcuxwh/Build/Intermediates.noindex/Bridget.build/Debug-iphonesimulator/BridgetUITests.build/Objects-normal/arm64/BridgetUITests_dependency_info.dat -fobjc-link-runtime -fprofile-instr-generate -L/Applications/Xcode.app/Contents/Developer/Toolchains/XcodeDefault.xctoolchain/usr/lib/swift/iphonesimulator -L/usr/lib/swift -Xlinker -add_ast_path -Xlinker /Users/peterjemley/Library/Developer/Xcode/DerivedData/Bridget-avftoqyhbqkugxekjoistukcuxwh/Build/Intermediates.noindex/Bridget.build/Debug-iphonesimulator/BridgetUITests.build/Objects-normal/arm64/BridgetUITests.swiftmodule -framework XCTest -lXCTestSwiftSupport -Xlinker -sectcreate -Xlinker __TEXT -Xlinker __entitlements -Xlinker /Users/peterjemley/Library/Developer/Xcode/DerivedData/Bridget-avftoqyhbqkugxekjoistukcuxwh/Build/Intermediates.noindex/Bridget.build/Debug-iphonesimulator/BridgetUITests.build/BridgetUITests.xctest-Simulated.xcent -Xlinker -sectcreate -Xlinker __TEXT -Xlinker __ents_der -Xlinker /Users/peterjemley/Library/Developer/Xcode/DerivedData/Bridget-avftoqyhbqkugxekjoistukcuxwh/Build/Intermediates.noindex/Bridget.build/Debug-iphonesimulator/BridgetUITests.build/BridgetUITests.xctest-Simulated.xcent.der -Xlinker -no_adhoc_codesign -o /Users/peterjemley/Library/Developer/Xcode/DerivedData/Bridget-avftoqyhbqkugxekjoistukcuxwh/Build/Products/Debug-iphonesimulator/BridgetUITests-Runner.app/PlugIns/BridgetUITests.xctest/BridgetUITests

ProcessInfoPlistFile /Users/peterjemley/Library/Developer/Xcode/DerivedData/Bridget-avftoqyhbqkugxekjoistukcuxwh/Build/Products/Debug-iphonesimulator/BridgetUITests-Runner.app/PlugIns/BridgetUITests.xctest/Info.plist /Users/peterjemley/Library/Developer/Xcode/DerivedData/Bridget-avftoqyhbqkugxekjoistukcuxwh/Build/Intermediates.noindex/Bridget.build/Debug-iphonesimulator/BridgetUITests.build/empty-BridgetUITests.plist (in target 'BridgetUITests' from project 'Bridget')
    cd /Users/peterjemley/Documents/Developer/Bridget
    builtin-infoPlistUtility /Users/peterjemley/Library/Developer/Xcode/DerivedData/Bridget-avftoqyhbqkugxekjoistukcuxwh/Build/Intermediates.noindex/Bridget.build/Debug-iphonesimulator/BridgetUITests.build/empty-BridgetUITests.plist -producttype com.apple.product-type.bundle.ui-testing -expandbuildsettings -format binary -platform iphonesimulator -additionalcontentfile /Users/peterjemley/Library/Developer/Xcode/DerivedData/Bridget-avftoqyhbqkugxekjoistukcuxwh/Build/Intermediates.noindex/Bridget.build/Debug-iphonesimulator/BridgetUITests.build/ProductTypeInfoPlistAdditions.plist -o /Users/peterjemley/Library/Developer/Xcode/DerivedData/Bridget-avftoqyhbqkugxekjoistukcuxwh/Build/Products/Debug-iphonesimulator/BridgetUITests-Runner.app/PlugIns/BridgetUITests.xctest/Info.plist

CopySwiftLibs /Users/peterjemley/Library/Developer/Xcode/DerivedData/Bridget-avftoqyhbqkugxekjoistukcuxwh/Build/Products/Debug-iphonesimulator/BridgetUITests-Runner.app/PlugIns/BridgetUITests.xctest (in target 'BridgetUITests' from project 'Bridget')
    cd /Users/peterjemley/Documents/Developer/Bridget
    builtin-swiftStdLibTool --copy --verbose --sign - --scan-executable /Users/peterjemley/Library/Developer/Xcode/DerivedData/Bridget-avftoqyhbqkugxekjoistukcuxwh/Build/Products/Debug-iphonesimulator/BridgetUITests-Runner.app/PlugIns/BridgetUITests.xctest/BridgetUITests --scan-folder /Users/peterjemley/Library/Developer/Xcode/DerivedData/Bridget-avftoqyhbqkugxekjoistukcuxwh/Build/Products/Debug-iphonesimulator/BridgetUITests-Runner.app/PlugIns/BridgetUITests.xctest/Frameworks --scan-folder /Users/peterjemley/Library/Developer/Xcode/DerivedData/Bridget-avftoqyhbqkugxekjoistukcuxwh/Build/Products/Debug-iphonesimulator/BridgetUITests-Runner.app/PlugIns/BridgetUITests.xctest/PlugIns --scan-folder /Users/peterjemley/Library/Developer/Xcode/DerivedData/Bridget-avftoqyhbqkugxekjoistukcuxwh/Build/Products/Debug-iphonesimulator/BridgetUITests-Runner.app/PlugIns/BridgetUITests.xctest/SystemExtensions --scan-folder /Users/peterjemley/Library/Developer/Xcode/DerivedData/Bridget-avftoqyhbqkugxekjoistukcuxwh/Build/Products/Debug-iphonesimulator/BridgetUITests-Runner.app/PlugIns/BridgetUITests.xctest/Extensions --platform iphonesimulator --toolchain /Applications/Xcode.app/Contents/Developer/Toolchains/XcodeDefault.xctoolchain --destination /Users/peterjemley/Library/Developer/Xcode/DerivedData/Bridget-avftoqyhbqkugxekjoistukcuxwh/Build/Products/Debug-iphonesimulator/BridgetUITests-Runner.app/PlugIns/BridgetUITests.xctest/Frameworks --strip-bitcode --scan-executable /Applications/Xcode.app/Contents/Developer/Platforms/iPhoneSimulator.platform/Developer/usr/lib/libXCTestSwiftSupport.dylib --strip-bitcode-tool /Applications/Xcode.app/Contents/Developer/Toolchains/XcodeDefault.xctoolchain/usr/bin/bitcode_strip --emit-dependency-info /Users/peterjemley/Library/Developer/Xcode/DerivedData/Bridget-avftoqyhbqkugxekjoistukcuxwh/Build/Intermediates.noindex/Bridget.build/Debug-iphonesimulator/BridgetUITests.build/SwiftStdLibToolInputDependencies.dep --filter-for-swift-os

ExtractAppIntentsMetadata (in target 'BridgetUITests' from project 'Bridget')
    cd /Users/peterjemley/Documents/Developer/Bridget
    /Applications/Xcode.app/Contents/Developer/Toolchains/XcodeDefault.xctoolchain/usr/bin/appintentsmetadataprocessor --toolchain-dir /Applications/Xcode.app/Contents/Developer/Toolchains/XcodeDefault.xctoolchain --module-name BridgetUITests --sdk-root /Applications/Xcode.app/Contents/Developer/Platforms/iPhoneSimulator.platform/Developer/SDKs/iPhoneSimulator18.5.sdk --xcode-version 16F6 --platform-family iOS --deployment-target 18.5 --bundle-identifier com.peterjemley.BridgetUITests --output /Users/peterjemley/Library/Developer/Xcode/DerivedData/Bridget-avftoqyhbqkugxekjoistukcuxwh/Build/Products/Debug-iphonesimulator/BridgetUITests-Runner.app/PlugIns/BridgetUITests.xctest --target-triple arm64-apple-ios18.5-simulator --binary-file /Users/peterjemley/Library/Developer/Xcode/DerivedData/Bridget-avftoqyhbqkugxekjoistukcuxwh/Build/Products/Debug-iphonesimulator/BridgetUITests-Runner.app/PlugIns/BridgetUITests.xctest/BridgetUITests --dependency-file /Users/peterjemley/Library/Developer/Xcode/DerivedData/Bridget-avftoqyhbqkugxekjoistukcuxwh/Build/Intermediates.noindex/Bridget.build/Debug-iphonesimulator/BridgetUITests.build/Objects-normal/arm64/BridgetUITests_dependency_info.dat --stringsdata-file /Users/peterjemley/Library/Developer/Xcode/DerivedData/Bridget-avftoqyhbqkugxekjoistukcuxwh/Build/Intermediates.noindex/Bridget.build/Debug-iphonesimulator/BridgetUITests.build/Objects-normal/arm64/ExtractedAppShortcutsMetadata.stringsdata --source-file-list /Users/peterjemley/Library/Developer/Xcode/DerivedData/Bridget-avftoqyhbqkugxekjoistukcuxwh/Build/Intermediates.noindex/Bridget.build/Debug-iphonesimulator/BridgetUITests.build/Objects-normal/arm64/BridgetUITests.SwiftFileList --metadata-file-list /Users/peterjemley/Library/Developer/Xcode/DerivedData/Bridget-avftoqyhbqkugxekjoistukcuxwh/Build/Intermediates.noindex/Bridget.build/Debug-iphonesimulator/BridgetUITests.build/BridgetUITests.DependencyMetadataFileList --static-metadata-file-list /Users/peterjemley/Library/Developer/Xcode/DerivedData/Bridget-avftoqyhbqkugxekjoistukcuxwh/Build/Intermediates.noindex/Bridget.build/Debug-iphonesimulator/BridgetUITests.build/BridgetUITests.DependencyStaticMetadataFileList --swift-const-vals-list /Users/peterjemley/Library/Developer/Xcode/DerivedData/Bridget-avftoqyhbqkugxekjoistukcuxwh/Build/Intermediates.noindex/Bridget.build/Debug-iphonesimulator/BridgetUITests.build/Objects-normal/arm64/BridgetUITests.SwiftConstValuesFileList --compile-time-extraction --deployment-aware-processing --validate-assistant-intents --no-app-shortcuts-localization
2025-07-15 18:12:27.415 appintentsmetadataprocessor[56323:841332] Starting appintentsmetadataprocessor export
2025-07-15 18:12:27.416 appintentsmetadataprocessor[56323:841332] warning: Metadata extraction skipped. No AppIntents.framework dependency found.

CodeSign /Users/peterjemley/Library/Developer/Xcode/DerivedData/Bridget-avftoqyhbqkugxekjoistukcuxwh/Build/Products/Debug-iphonesimulator/BridgetUITests-Runner.app/PlugIns/BridgetUITests.xctest (in target 'BridgetUITests' from project 'Bridget')
    cd /Users/peterjemley/Documents/Developer/Bridget
    
    Signing Identity:     "Sign to Run Locally"
    
    /usr/bin/codesign --force --sign - --timestamp\=none --generate-entitlement-der /Users/peterjemley/Library/Developer/Xcode/DerivedData/Bridget-avftoqyhbqkugxekjoistukcuxwh/Build/Products/Debug-iphonesimulator/BridgetUITests-Runner.app/PlugIns/BridgetUITests.xctest


Test session results, code coverage, and logs:
	/Users/peterjemley/Library/Developer/Xcode/DerivedData/Bridget-avftoqyhbqkugxekjoistukcuxwh/Logs/Test/Test-Bridget-2025.07.15_18-12-22--0700.xcresult

Testing started
Test suite 'MockSeattleAPIServiceTests' started on 'Clone 1 of iPhone 16 Pro - Bridget (56617)'
Test case 'MockSeattleAPIServiceTests.testCallTracking_ShouldIncrementOnEachCall()' passed on 'Clone 1 of iPhone 16 Pro - Bridget (56617)' (0.012 seconds)
Test case 'MockSeattleAPIServiceTests.testDataClearing_ShouldRemoveExistingData()' passed on 'Clone 1 of iPhone 16 Pro - Bridget (56617)' (0.005 seconds)
Test case 'MockSeattleAPIServiceTests.testFailureMock_ShouldThrowConfiguredError()' passed on 'Clone 1 of iPhone 16 Pro - Bridget (56617)' (0.002 seconds)
Test case 'MockSeattleAPIServiceTests.testLoadingState_ShouldBeTrueDuringFetch()' passed on 'Clone 1 of iPhone 16 Pro - Bridget (56617)' (0.111 seconds)
Test case 'MockSeattleAPIServiceTests.testResetCallTracking_ShouldResetToZero()' passed on 'Clone 1 of iPhone 16 Pro - Bridget (56617)' (0.004 seconds)
Test case 'MockSeattleAPIServiceTests.testSlowMock_ShouldSimulateDelay()' passed on 'Clone 1 of iPhone 16 Pro - Bridget (56617)' (0.111 seconds)
Test case 'MockSeattleAPIServiceTests.testSuccessMock_ShouldCompleteWithoutError()' passed on 'Clone 1 of iPhone 16 Pro - Bridget (56617)' (0.005 seconds)
Test case 'MockSeattleAPIServiceTests.testSuccessMock_ShouldInsertDefaultTestData()' passed on 'Clone 1 of iPhone 16 Pro - Bridget (56617)' (0.004 seconds)
Test case 'MockSeattleAPIServiceTests.testWithCustomData_ShouldInsertProvidedData()' passed on 'Clone 1 of iPhone 16 Pro - Bridget (56617)' (0.004 seconds)
Test suite 'ComprehensiveViewTests' started on 'Clone 1 of iPhone 16 Pro - Bridget (56617)'
Test case 'ComprehensiveViewTests.testBridgesListView_ShouldDisplayBridgesWhenDataExists()' passed on 'Clone 1 of iPhone 16 Pro - Bridget (56617)' (0.005 seconds)
Test case 'ComprehensiveViewTests.testBridgesListView_ShouldHandleRefreshFailure()' passed on 'Clone 1 of iPhone 16 Pro - Bridget (56617)' (0.002 seconds)
Test case 'ComprehensiveViewTests.testBridgesListView_ShouldHandleRefreshSuccessfully()' passed on 'Clone 1 of iPhone 16 Pro - Bridget (56617)' (0.004 seconds)
Test case 'ComprehensiveViewTests.testBridgesListView_ShouldShowEmptyStateWhenNoData()' passed on 'Clone 1 of iPhone 16 Pro - Bridget (56617)' (0.002 seconds)
Test case 'ComprehensiveViewTests.testEventsListView_ShouldDisplayEventsWhenDataExists()' passed on 'Clone 1 of iPhone 16 Pro - Bridget (56617)' (0.004 seconds)
Test case 'ComprehensiveViewTests.testEventsListView_ShouldHandleRefreshSuccessfully()' passed on 'Clone 1 of iPhone 16 Pro - Bridget (56617)' (0.004 seconds)
Test case 'ComprehensiveViewTests.testEventsListView_ShouldShowEmptyStateWhenNoEvents()' passed on 'Clone 1 of iPhone 16 Pro - Bridget (56617)' (0.002 seconds)
Test case 'ComprehensiveViewTests.testSettingsView_ShouldDisplayLastFetchDate()' passed on 'Clone 1 of iPhone 16 Pro - Bridget (56617)' (0.003 seconds)
Test case 'ComprehensiveViewTests.testSettingsView_ShouldHandleRefreshDataFailure()' passed on 'Clone 1 of iPhone 16 Pro - Bridget (56617)' (0.002 seconds)
Test case 'ComprehensiveViewTests.testSettingsView_ShouldHandleRefreshDataSuccessfully()' passed on 'Clone 1 of iPhone 16 Pro - Bridget (56617)' (0.004 seconds)
Test case 'ComprehensiveViewTests.testViews_ShouldHandleLoadingState()' passed on 'Clone 1 of iPhone 16 Pro - Bridget (56617)' (0.110 seconds)
Test case 'ComprehensiveViewTests.testViews_ShouldHandleMultipleRefreshes()' failed on 'Clone 1 of iPhone 16 Pro - Bridget (56617)' (0.000 seconds)
Test case 'ComprehensiveViewTests.testViews_ShouldHandleNetworkErrors()' passed on 'Clone 1 of iPhone 16 Pro - Bridget (56690)' (0.004 seconds)
Test case 'ComprehensiveViewTests.testViews_ShouldMaintainDataConsistency()' passed on 'Clone 1 of iPhone 16 Pro - Bridget (56690)' (0.007 seconds)
Test suite 'ViewTests' started on 'Clone 1 of iPhone 16 Pro - Bridget (56690)'
Test case 'ViewTests.testBridgesListView_ShouldDisplayBridgesWhenDataExists()' passed on 'Clone 1 of iPhone 16 Pro - Bridget (56690)' (0.015 seconds)
Test case 'ViewTests.testBridgesListView_ShouldHandleEmptyState()' passed on 'Clone 1 of iPhone 16 Pro - Bridget (56690)' (0.002 seconds)
Test case 'ViewTests.testBridgesListView_ShouldHandleLoadingState()' passed on 'Clone 1 of iPhone 16 Pro - Bridget (56690)' (0.002 seconds)
Test case 'ViewTests.testEventsListView_ShouldDisplayEventsWhenDataExists()' passed on 'Clone 1 of iPhone 16 Pro - Bridget (56690)' (0.012 seconds)
Test case 'ViewTests.testEventsListView_ShouldHandleEmptyState()' passed on 'Clone 1 of iPhone 16 Pro - Bridget (56690)' (0.003 seconds)
Test case 'ViewTests.testEventsListView_ShouldHandleLoadingState()' passed on 'Clone 1 of iPhone 16 Pro - Bridget (56690)' (0.002 seconds)
Test case 'ViewTests.testSettingsView_ShouldDisplayLastFetchDate()' passed on 'Clone 1 of iPhone 16 Pro - Bridget (56690)' (0.004 seconds)
Test case 'ViewTests.testSettingsView_ShouldHandleLoadingState()' passed on 'Clone 1 of iPhone 16 Pro - Bridget (56690)' (0.002 seconds)
Test case 'ViewTests.testSettingsView_ShouldHandleNoLastFetchDate()' passed on 'Clone 1 of iPhone 16 Pro - Bridget (56690)' (0.002 seconds)
Test case 'ViewTests.testViews_ShouldHandleNetworkErrorGracefully()' passed on 'Clone 1 of iPhone 16 Pro - Bridget (56690)' (0.002 seconds)
Test case 'ViewTests.testViews_ShouldProperlyReceiveEnvironmentObject()' passed on 'Clone 1 of iPhone 16 Pro - Bridget (56690)' (0.002 seconds)
Test case 'ViewTests.testViews_ShouldSupportRefreshOperations()' passed on 'Clone 1 of iPhone 16 Pro - Bridget (56690)' (0.002 seconds)
Test case 'ViewTests.testViews_ShouldWorkWithPopulatedModelContext()' passed on 'Clone 1 of iPhone 16 Pro - Bridget (56690)' (0.004 seconds)
Test suite 'BridgetTests' started on 'Clone 1 of iPhone 16 Pro - Bridget (56690)'
Test case 'BridgetTests/example()' passed on 'Clone 1 of iPhone 16 Pro - Bridget (56690)' (0.000 seconds)
Test suite 'BridgetUITests' started on 'Clone 2 of iPhone 16 Pro - BridgetUITests-Runner (56673)'
Test case 'BridgetUITests.testExample()' passed on 'Clone 2 of iPhone 16 Pro - BridgetUITests-Runner (56673)' (2.813 seconds)
Test suite 'BridgetUITestsLaunchTests' started on 'Clone 1 of iPhone 16 Pro - BridgetUITests-Runner (56761)'
Test case 'BridgetUITestsLaunchTests.testLaunch()' passed on 'Clone 1 of iPhone 16 Pro - BridgetUITests-Runner (56761)' (2.407 seconds)
Test case 'BridgetUITestsLaunchTests.testLaunch()' passed on 'Clone 1 of iPhone 16 Pro - BridgetUITests-Runner (56761)' (10.077 seconds)
Test case 'BridgetUITestsLaunchTests.testLaunch()' passed on 'Clone 1 of iPhone 16 Pro - BridgetUITests-Runner (56761)' (5.395 seconds)
Test case 'BridgetUITests.testLaunchPerformance()' passed on 'Clone 2 of iPhone 16 Pro - BridgetUITests-Runner (56673)' (21.043 seconds)
Test case 'BridgetUITestsLaunchTests.testLaunch()' passed on 'Clone 1 of iPhone 16 Pro - BridgetUITests-Runner (56761)' (3.614 seconds)
